Archive member included because of file (symbol)

c:/freescale/kds_3.0.0/toolchain/bin/../lib/gcc/arm-none-eabi/4.8.4/../../../../arm-none-eabi/lib/armv7e-m/fpu\libg.a(lib_a-exit.o)
                              c:/freescale/kds_3.0.0/toolchain/bin/../lib/gcc/arm-none-eabi/4.8.4/../../../../arm-none-eabi/lib/armv7e-m/fpu/crt0.o (exit)
c:/freescale/kds_3.0.0/toolchain/bin/../lib/gcc/arm-none-eabi/4.8.4/../../../../arm-none-eabi/lib/armv7e-m/fpu\libg.a(lib_a-impure.o)
                              c:/freescale/kds_3.0.0/toolchain/bin/../lib/gcc/arm-none-eabi/4.8.4/../../../../arm-none-eabi/lib/armv7e-m/fpu\libg.a(lib_a-exit.o) (_global_impure_ptr)
c:/freescale/kds_3.0.0/toolchain/bin/../lib/gcc/arm-none-eabi/4.8.4/../../../../arm-none-eabi/lib/armv7e-m/fpu\libg.a(lib_a-init.o)
                              c:/freescale/kds_3.0.0/toolchain/bin/../lib/gcc/arm-none-eabi/4.8.4/../../../../arm-none-eabi/lib/armv7e-m/fpu/crt0.o (__libc_init_array)
c:/freescale/kds_3.0.0/toolchain/bin/../lib/gcc/arm-none-eabi/4.8.4/../../../../arm-none-eabi/lib/armv7e-m/fpu\libg.a(lib_a-memset.o)
                              c:/freescale/kds_3.0.0/toolchain/bin/../lib/gcc/arm-none-eabi/4.8.4/../../../../arm-none-eabi/lib/armv7e-m/fpu/crt0.o (memset)
c:/freescale/kds_3.0.0/toolchain/bin/../lib/gcc/arm-none-eabi/4.8.4/../../../../arm-none-eabi/lib/armv7e-m/fpu\libg.a(lib_a-__call_atexit.o)
                              c:/freescale/kds_3.0.0/toolchain/bin/../lib/gcc/arm-none-eabi/4.8.4/../../../../arm-none-eabi/lib/armv7e-m/fpu\libg.a(lib_a-exit.o) (__call_exitprocs)
c:/freescale/kds_3.0.0/toolchain/bin/../lib/gcc/arm-none-eabi/4.8.4/../../../../arm-none-eabi/lib/armv7e-m/fpu\libg.a(lib_a-atexit.o)
                              c:/freescale/kds_3.0.0/toolchain/bin/../lib/gcc/arm-none-eabi/4.8.4/../../../../arm-none-eabi/lib/armv7e-m/fpu\libg.a(lib_a-__call_atexit.o) (atexit)
c:/freescale/kds_3.0.0/toolchain/bin/../lib/gcc/arm-none-eabi/4.8.4/../../../../arm-none-eabi/lib/armv7e-m/fpu\libg.a(lib_a-fini.o)
                              c:/freescale/kds_3.0.0/toolchain/bin/../lib/gcc/arm-none-eabi/4.8.4/../../../../arm-none-eabi/lib/armv7e-m/fpu\libg.a(lib_a-__call_atexit.o) (__libc_fini_array)
c:/freescale/kds_3.0.0/toolchain/bin/../lib/gcc/arm-none-eabi/4.8.4/../../../../arm-none-eabi/lib/armv7e-m/fpu\libg.a(lib_a-__atexit.o)
                              c:/freescale/kds_3.0.0/toolchain/bin/../lib/gcc/arm-none-eabi/4.8.4/../../../../arm-none-eabi/lib/armv7e-m/fpu\libg.a(lib_a-atexit.o) (__register_exitproc)
c:/freescale/kds_3.0.0/toolchain/bin/../lib/gcc/arm-none-eabi/4.8.4/../../../../arm-none-eabi/lib/armv7e-m/fpu\libnosys.a(_exit.o)
                              c:/freescale/kds_3.0.0/toolchain/bin/../lib/gcc/arm-none-eabi/4.8.4/../../../../arm-none-eabi/lib/armv7e-m/fpu\libg.a(lib_a-exit.o) (_exit)

Allocating common symbols
Common symbol       size              file

fnet_netif_list     0x4               ./fnet_stack/stack/fnet_netif.o
fnet_ip_multicast_list
                    0x3c              ./fnet_stack/stack/fnet_ip.o
dm_nb               0x4               ./fnet_stack/stack/fnet_netbuf.o
fnet_fec0_if        0x24b4            ./fnet_stack/cpu/common/fnet_fec.o

Discarded input sections

 .text          0x00000000        0x0 c:/freescale/kds_3.0.0/toolchain/bin/../lib/gcc/arm-none-eabi/4.8.4/armv7e-m/fpu/crti.o
 .data          0x00000000        0x0 c:/freescale/kds_3.0.0/toolchain/bin/../lib/gcc/arm-none-eabi/4.8.4/armv7e-m/fpu/crti.o
 .bss           0x00000000        0x0 c:/freescale/kds_3.0.0/toolchain/bin/../lib/gcc/arm-none-eabi/4.8.4/armv7e-m/fpu/crti.o
 .data          0x00000000        0x4 c:/freescale/kds_3.0.0/toolchain/bin/../lib/gcc/arm-none-eabi/4.8.4/armv7e-m/fpu/crtbegin.o
 .data          0x00000000        0x0 c:/freescale/kds_3.0.0/toolchain/bin/../lib/gcc/arm-none-eabi/4.8.4/../../../../arm-none-eabi/lib/armv7e-m/fpu/crt0.o
 .bss           0x00000000        0x0 c:/freescale/kds_3.0.0/toolchain/bin/../lib/gcc/arm-none-eabi/4.8.4/../../../../arm-none-eabi/lib/armv7e-m/fpu/crt0.o
 .ARM.extab     0x00000000        0x0 c:/freescale/kds_3.0.0/toolchain/bin/../lib/gcc/arm-none-eabi/4.8.4/../../../../arm-none-eabi/lib/armv7e-m/fpu/crt0.o
 .data          0x00000000        0x0 ./startup/MK64F12/gcc/startup_MK64F12.o
 .bss           0x00000000        0x0 ./startup/MK64F12/gcc/startup_MK64F12.o
 .text          0x00000000        0x0 ./startup/MK64F12/system_MK64F12.o
 .data          0x00000000        0x0 ./startup/MK64F12/system_MK64F12.o
 .bss           0x00000000        0x0 ./startup/MK64F12/system_MK64F12.o
 .text.SystemCoreClockUpdate
                0x00000000      0x1b4 ./startup/MK64F12/system_MK64F12.o
 .data.SystemCoreClock
                0x00000000        0x4 ./startup/MK64F12/system_MK64F12.o
 .text          0x00000000        0x0 ./startup/startup.o
 .data          0x00000000        0x0 ./startup/startup.o
 .bss           0x00000000        0x0 ./startup/startup.o
[...]
Memory Configuration

Name             Origin             Length             Attributes
m_interrupts     0x00000000         0x00000400         xr
m_flash_config   0x00000400         0x00000010         xr
m_text           0x00000410         0x0000bbf0         xr
fapp_paramsrom   0x0007f000         0x00001000         rw
m_data           0x1fff0000         0x00010000         rw
m_data_2         0x20000000         0x00030000         rw
*default*        0x00000000         0xffffffff

Linker script and memory map

LOAD c:/freescale/kds_3.0.0/toolchain/bin/../lib/gcc/arm-none-eabi/4.8.4/armv7e-m/fpu/crti.o
LOAD c:/freescale/kds_3.0.0/toolchain/bin/../lib/gcc/arm-none-eabi/4.8.4/armv7e-m/fpu/crtbegin.o
LOAD c:/freescale/kds_3.0.0/toolchain/bin/../lib/gcc/arm-none-eabi/4.8.4/../../../../arm-none-eabi/lib/armv7e-m/fpu/crt0.o
                0x00002000                __stack_size__ = 0x2000
                0x00002000                __heap_size__ = 0x2000
START GROUP
LOAD ./startup/MK64F12/gcc/startup_MK64F12.o
LOAD ./startup/MK64F12/system_MK64F12.o
LOAD ./startup/startup.o
LOAD ./fnet_stack/stack/fnet_arp.o
LOAD ./fnet_stack/stack/fnet_checksum.o
LOAD ./fnet_stack/stack/fnet_error.o
LOAD ./fnet_stack/stack/fnet_eth.o
LOAD ./fnet_stack/stack/fnet_icmp.o
LOAD ./fnet_stack/stack/fnet_icmp6.o
LOAD ./fnet_stack/stack/fnet_igmp.o
LOAD ./fnet_stack/stack/fnet_inet.o
LOAD ./fnet_stack/stack/fnet_ip.o
LOAD ./fnet_stack/stack/fnet_ip6.o
LOAD ./fnet_stack/stack/fnet_isr.o
LOAD ./fnet_stack/stack/fnet_loop.o
LOAD ./fnet_stack/stack/fnet_mempool.o
LOAD ./fnet_stack/stack/fnet_mld.o
LOAD ./fnet_stack/stack/fnet_nd6.o
LOAD ./fnet_stack/stack/fnet_netbuf.o
LOAD ./fnet_stack/stack/fnet_netif.o
LOAD ./fnet_stack/stack/fnet_prot.o
LOAD ./fnet_stack/stack/fnet_raw.o
LOAD ./fnet_stack/stack/fnet_socket.o
LOAD ./fnet_stack/stack/fnet_stack.o
LOAD ./fnet_stack/stack/fnet_stdlib.o
LOAD ./fnet_stack/stack/fnet_tcp.o
LOAD ./fnet_stack/stack/fnet_timer.o
LOAD ./fnet_stack/stack/fnet_udp.o
LOAD ./fnet_stack/services/tftp/fnet_tftp_cln.o
LOAD ./fnet_stack/services/tftp/fnet_tftp_srv.o
LOAD ./fnet_stack/services/telnet/fnet_telnet.o
LOAD ./fnet_stack/services/shell/fnet_shell.o
LOAD ./fnet_stack/services/serial/fnet_serial.o
LOAD ./fnet_stack/services/poll/fnet_poll.o
LOAD ./fnet_stack/services/ping/fnet_ping.o
LOAD ./fnet_stack/services/llmnr/fnet_llmnr.o
LOAD ./fnet_stack/services/http/fnet_http.o
LOAD ./fnet_stack/services/http/fnet_http_auth.o
LOAD ./fnet_stack/services/http/fnet_http_cgi.o
LOAD ./fnet_stack/services/http/fnet_http_get.o
LOAD ./fnet_stack/services/http/fnet_http_post.o
LOAD ./fnet_stack/services/http/fnet_http_ssi.o
LOAD ./fnet_stack/services/fs/fnet_fs.o
LOAD ./fnet_stack/services/fs/fnet_fs_rom.o
LOAD ./fnet_stack/services/fs/fnet_fs_root.o
LOAD ./fnet_stack/services/flash/fnet_flash.o
LOAD ./fnet_stack/services/dns/fnet_dns.o
LOAD ./fnet_stack/services/dhcp/fnet_dhcp.o
LOAD ./fnet_stack/os/ucosIII/fnet_ucosIII.o
LOAD ./fnet_stack/os/freertos/fnet_freertos.o
LOAD ./fnet_stack/os/brtos/fnet_brtos.o
LOAD ./fnet_stack/cpu/mpc/fnet_mpc.o
LOAD ./fnet_stack/cpu/mpc/fnet_mpc_cache.o
LOAD ./fnet_stack/cpu/mpc/fnet_mpc_eth.o
LOAD ./fnet_stack/cpu/mpc/fnet_mpc_isr.o
LOAD ./fnet_stack/cpu/mpc/fnet_mpc_isr_inst.o
LOAD ./fnet_stack/cpu/mpc/fnet_mpc_serial.o
LOAD ./fnet_stack/cpu/mpc/fnet_mpc_stdlib.o
LOAD ./fnet_stack/cpu/mpc/fnet_mpc_timer.o
LOAD ./fnet_stack/cpu/mk/fnet_mk.o
LOAD ./fnet_stack/cpu/mk/fnet_mk_cache.o
LOAD ./fnet_stack/cpu/mk/fnet_mk_eth.o
LOAD ./fnet_stack/cpu/mk/fnet_mk_flash.o
LOAD ./fnet_stack/cpu/mk/fnet_mk_isr.o
LOAD ./fnet_stack/cpu/mk/fnet_mk_isr_inst.o
LOAD ./fnet_stack/cpu/mk/fnet_mk_low.o
LOAD ./fnet_stack/cpu/mk/fnet_mk_serial.o
LOAD ./fnet_stack/cpu/mk/fnet_mk_stdlib.o
LOAD ./fnet_stack/cpu/mk/fnet_mk_timer.o
LOAD ./fnet_stack/cpu/mcf/fnet_mcf.o
LOAD ./fnet_stack/cpu/mcf/fnet_mcf_cache.o
LOAD ./fnet_stack/cpu/mcf/fnet_mcf_eth.o
LOAD ./fnet_stack/cpu/mcf/fnet_mcf_flash.o
LOAD ./fnet_stack/cpu/mcf/fnet_mcf_isr_inst.o
LOAD ./fnet_stack/cpu/mcf/fnet_mcf_serial.o
LOAD ./fnet_stack/cpu/mcf/fnet_mcf_stdlib.o
LOAD ./fnet_stack/cpu/mcf/fnet_mcf_timer.o
LOAD ./fnet_stack/cpu/common/fnet_fec.o
LOAD ./fnet_stack/cpu/fnet_cpu.o
LOAD ./fnet_application/fapp.o
LOAD ./fnet_application/fapp_bench.o
LOAD ./fnet_application/fapp_dhcp.o
LOAD ./fnet_application/fapp_dns.o
LOAD ./fnet_application/fapp_fs.o
LOAD ./fnet_application/fapp_fs_image.o
LOAD ./fnet_application/fapp_fs_image_http09.o
LOAD ./fnet_application/fapp_http.o
LOAD ./fnet_application/fapp_llmnr.o
LOAD ./fnet_application/fapp_mem.o
LOAD ./fnet_application/fapp_params.o
LOAD ./fnet_application/fapp_ping.o
LOAD ./fnet_application/fapp_setget.o
LOAD ./fnet_application/fapp_telnet.o
LOAD ./fnet_application/fapp_tftp.o
LOAD ./main.o
LOAD c:/freescale/kds_3.0.0/toolchain/bin/../lib/gcc/arm-none-eabi/4.8.4/../../../../arm-none-eabi/lib/armv7e-m/fpu\libnosys.a
LOAD c:/freescale/kds_3.0.0/toolchain/bin/../lib/gcc/arm-none-eabi/4.8.4/../../../../arm-none-eabi/lib/armv7e-m/fpu\libg.a
LOAD c:/freescale/kds_3.0.0/toolchain/bin/../lib/gcc/arm-none-eabi/4.8.4/armv7e-m/fpu\libgcc.a
END GROUP
START GROUP
LOAD c:/freescale/kds_3.0.0/toolchain/bin/../lib/gcc/arm-none-eabi/4.8.4/armv7e-m/fpu\libgcc.a
LOAD c:/freescale/kds_3.0.0/toolchain/bin/../lib/gcc/arm-none-eabi/4.8.4/../../../../arm-none-eabi/lib/armv7e-m/fpu\libg.a
LOAD c:/freescale/kds_3.0.0/toolchain/bin/../lib/gcc/arm-none-eabi/4.8.4/../../../../arm-none-eabi/lib/armv7e-m/fpu\libc.a
END GROUP
LOAD c:/freescale/kds_3.0.0/toolchain/bin/../lib/gcc/arm-none-eabi/4.8.4/armv7e-m/fpu/crtend.o
LOAD c:/freescale/kds_3.0.0/toolchain/bin/../lib/gcc/arm-none-eabi/4.8.4/armv7e-m/fpu/crtn.o
                0x00000400                HEAP_SIZE = DEFINED (__heap_size__)?__heap_size__:0x400
                0x00000001                __ram_vector_table__ = 0x1
                0x00002000                STACK_SIZE = DEFINED (__stack_size__)?__stack_size__:0x2000
                0x00000000                M_VECTOR_RAM_SIZE = DEFINED (__ram_vector_table__)?0x400:0x0

.interrupts     0x00000000      0x400
                0x00000000                __VECTOR_TABLE = .
                0x00000000                . = ALIGN (0x4)
 *(.isr_vector)
 .isr_vector    0x00000000      0x400 ./startup/MK64F12/gcc/startup_MK64F12.o
                0x00000000                __isr_vector
                0x00000400                . = ALIGN (0x4)

.flash_config   0x00000400       0x10
                0x00000400                . = ALIGN (0x4)
 *(.FlashConfig)
 .FlashConfig   0x00000400       0x10 ./startup/MK64F12/gcc/startup_MK64F12.o
                0x00000410                . = ALIGN (0x4)

.params         0x0007f000       0xdc
 *(.fapp_params)
 .fapp_params   0x0007f000       0xdc ./fnet_application/fapp_params.o

.text           0x00000410     0x8c94
                0x00000410                . = ALIGN (0x4)
 *(.text)
 .text          0x00000410       0x54 c:/freescale/kds_3.0.0/toolchain/bin/../lib/gcc/arm-none-eabi/4.8.4/armv7e-m/fpu/crtbegin.o
 .text          0x00000464       0x74 c:/freescale/kds_3.0.0/toolchain/bin/../lib/gcc/arm-none-eabi/4.8.4/../../../../arm-none-eabi/lib/armv7e-m/fpu/crt0.o
                0x00000464                _start
                0x00000464                _mainCRTStartup
 .text          0x000004d8       0x3c ./startup/MK64F12/gcc/startup_MK64F12.o
                0x000004d8                Reset_Handler
                0x00000510                DebugMon_Handler
                0x00000510                I2C0_IRQHandler
                0x00000510                HardFault_Handler
                0x00000510                SysTick_Handler
                0x00000510                UART3_RX_TX_IRQHandler
                0x00000510                PendSV_Handler
                0x00000510                NMI_Handler
                0x00000510                UART0_RX_TX_IRQHandler
                0x00000510                I2C1_IRQHandler
                0x00000510                DMA2_IRQHandler
                0x00000510                ENET_Error_IRQHandler
                0x00000510                CAN0_Tx_Warning_IRQHandler
                0x00000510                PIT0_IRQHandler
                0x00000510                CAN0_ORed_Message_buffer_IRQHandler
                0x00000510                CMP2_IRQHandler
                0x00000510                LLWU_IRQHandler
                0x00000510                ENET_Receive_IRQHandler
                0x00000510                ENET_1588_Timer_IRQHandler
                0x00000510                UART2_RX_TX_IRQHandler
                0x00000510                SWI_IRQHandler
                0x00000510                ADC0_IRQHandler
                0x00000510                UsageFault_Handler
                0x00000510                I2S0_Tx_IRQHandler
                0x00000510                CMT_IRQHandler
                0x00000510                UART4_RX_TX_IRQHandler
                0x00000510                SPI1_IRQHandler
                0x00000510                DefaultISR
                0x00000510                DMA9_IRQHandler
                0x00000510                DMA14_IRQHandler
                0x00000510                CMP1_IRQHandler
                0x00000510                Reserved71_IRQHandler
                0x00000510                PORTD_IRQHandler
                0x00000510                PORTB_IRQHandler
                0x00000510                UART4_ERR_IRQHandler
                0x00000510                ADC1_IRQHandler
                0x00000510                I2C2_IRQHandler
                0x00000510                PIT2_IRQHandler
                0x00000510                I2S0_Rx_IRQHandler
                0x00000510                DMA5_IRQHandler
                0x00000510                RTC_IRQHandler
                0x00000510                PDB0_IRQHandler
                0x00000510                CAN0_Rx_Warning_IRQHandler
                0x00000510                FTM1_IRQHandler
                0x00000510                UART5_RX_TX_IRQHandler
                0x00000510                UART3_ERR_IRQHandler
                0x00000510                PIT3_IRQHandler
                0x00000510                SDHC_IRQHandler
                0x00000510                RTC_Seconds_IRQHandler
                0x00000510                MCG_IRQHandler
                0x00000510                FTFE_IRQHandler
                0x00000510                UART2_ERR_IRQHandler
                0x00000510                DMA11_IRQHandler
                0x00000510                UART5_ERR_IRQHandler
                0x00000510                Read_Collision_IRQHandler
                0x00000510                DMA7_IRQHandler
                0x00000510                ENET_Transmit_IRQHandler
                0x00000510                USBDCD_IRQHandler
                0x00000510                USB0_IRQHandler
                0x00000510                SPI2_IRQHandler
                0x00000510                WDOG_EWM_IRQHandler
                0x00000510                MemManage_Handler
                0x00000510                SVC_Handler
                0x00000510                DMA13_IRQHandler
                0x00000510                DMA3_IRQHandler
                0x00000510                UART0_LON_IRQHandler
                0x00000510                RNG_IRQHandler
                0x00000510                DMA0_IRQHandler
                0x00000510                DMA15_IRQHandler
                0x00000510                DAC0_IRQHandler
                0x00000510                CAN0_Error_IRQHandler
                0x00000510                DMA4_IRQHandler
                0x00000510                PIT1_IRQHandler
                0x00000510                UART0_ERR_IRQHandler
                0x00000510                DMA_Error_IRQHandler
                0x00000510                LVD_LVW_IRQHandler
                0x00000510                SPI0_IRQHandler
                0x00000510                FTM0_IRQHandler
                0x00000510                PORTA_IRQHandler
                0x00000510                DAC1_IRQHandler
                0x00000510                MCM_IRQHandler
                0x00000510                DMA12_IRQHandler
                0x00000510                CAN0_Bus_Off_IRQHandler
                0x00000510                FTM3_IRQHandler
                0x00000510                PORTE_IRQHandler
                0x00000510                FTM2_IRQHandler
                0x00000510                LPTMR0_IRQHandler
                0x00000510                BusFault_Handler
                0x00000510                DMA8_IRQHandler
                0x00000510                DMA10_IRQHandler
                0x00000510                CAN0_Wake_Up_IRQHandler
                0x00000510                UART1_ERR_IRQHandler
                0x00000510                UART1_RX_TX_IRQHandler
                0x00000510                CMP0_IRQHandler
                0x00000510                PORTC_IRQHandler
                0x00000510                DMA6_IRQHandler
                0x00000510                DMA1_IRQHandler
 .text          0x00000514        0xe ./fnet_stack/cpu/mk/fnet_mk_low.o
                0x00000514                fnet_mk_irq_enable
                0x0000051a                fnet_mk_irq_disable
 *(.text*)
 *fill*         0x00000522        0x2 
 .text.SystemInit
                0x00000524      0x160 ./startup/MK64F12/system_MK64F12.o
                0x00000524                SystemInit
 .text.init_data_bss
                0x00000684       0x88 ./startup/startup.o
                0x00000684                init_data_bss
 .text.fnet_arp_ip_duplicated
                0x0000070c        0x8 ./fnet_stack/stack/fnet_arp.o
 .text.fnet_arp_timer
                0x00000714       0x40 ./fnet_stack/stack/fnet_arp.o
 .text.fnet_arp_add_entry
                0x00000754      0x10c ./fnet_stack/stack/fnet_arp.o
 .text.fnet_arp_init
                0x00000860       0x5c ./fnet_stack/stack/fnet_arp.o
                0x00000860                fnet_arp_init
 .text.fnet_arp_release
                0x000008bc       0x14 ./fnet_stack/stack/fnet_arp.o
                0x000008bc                fnet_arp_release
 .text.fnet_arp_lookup
                0x000008d0       0x50 ./fnet_stack/stack/fnet_arp.o
                0x000008d0                fnet_arp_lookup
 .text.fnet_arp_input
                0x00000920      0x168 ./fnet_stack/stack/fnet_arp.o
                0x00000920                fnet_arp_input
 .text.fnet_arp_request
                0x00000a88       0x7c ./fnet_stack/stack/fnet_arp.o
                0x00000a88                fnet_arp_request
 .text.fnet_arp_resolve
                0x00000b04       0x98 ./fnet_stack/stack/fnet_arp.o
                0x00000b04                fnet_arp_resolve
 .text.fnet_arp_drain
                0x00000b9c       0x40 ./fnet_stack/stack/fnet_arp.o
                0x00000b9c                fnet_arp_drain
 .text.fnet_checksum_low
                0x00000bdc       0xc4 ./fnet_stack/stack/fnet_checksum.o
 .text.fnet_checksum_nb
                0x00000ca0       0x64 ./fnet_stack/stack/fnet_checksum.o
 .text.fnet_checksum
                0x00000d04       0x20 ./fnet_stack/stack/fnet_checksum.o
                0x00000d04                fnet_checksum
 .text.fnet_checksum_pseudo_start
                0x00000d24       0x30 ./fnet_stack/stack/fnet_checksum.o
                0x00000d24                fnet_checksum_pseudo_start
 .text.fnet_checksum_pseudo_end
                0x00000d54       0x30 ./fnet_stack/stack/fnet_checksum.o
                0x00000d54                fnet_checksum_pseudo_end
 .text.fnet_error_get
                0x00000d84        0xc ./fnet_stack/stack/fnet_error.o
                0x00000d84                fnet_error_get
 .text.fnet_error_set
                0x00000d90        0xc ./fnet_stack/stack/fnet_error.o
                0x00000d90                fnet_error_set
 .text.fnet_mac_to_str
                0x00000d9c       0x30 ./fnet_stack/stack/fnet_eth.o
                0x00000d9c                fnet_mac_to_str
 .text.fnet_str_to_mac
                0x00000dcc       0xc0 ./fnet_stack/stack/fnet_eth.o
                0x00000dcc                fnet_str_to_mac
 .text.fnet_eth_prot_input
                0x00000e8c       0x34 ./fnet_stack/stack/fnet_eth.o
                0x00000e8c                fnet_eth_prot_input
 .text.fnet_eth_init
                0x00000ec0       0x38 ./fnet_stack/stack/fnet_eth.o
                0x00000ec0                fnet_eth_init
 .text.fnet_eth_release
                0x00000ef8       0x20 ./fnet_stack/stack/fnet_eth.o
                0x00000ef8                fnet_eth_release
 .text.fnet_eth_drain
                0x00000f18        0x8 ./fnet_stack/stack/fnet_eth.o
                0x00000f18                fnet_eth_drain
 .text.fnet_eth_change_addr_notify
                0x00000f20        0xc ./fnet_stack/stack/fnet_eth.o
                0x00000f20                fnet_eth_change_addr_notify
 .text.fnet_eth_timer
                0x00000f2c       0x28 ./fnet_stack/stack/fnet_eth.o
 .text.fnet_eth_output_ip4
                0x00000f54       0x9c ./fnet_stack/stack/fnet_eth.o
                0x00000f54                fnet_eth_output_ip4
 .text.fnet_eth_multicast_leave_ip4
                0x00000ff0       0x3c ./fnet_stack/stack/fnet_eth.o
                0x00000ff0                fnet_eth_multicast_leave_ip4
 .text.fnet_eth_multicast_join_ip4
                0x0000102c       0x3c ./fnet_stack/stack/fnet_eth.o
                0x0000102c                fnet_eth_multicast_join_ip4
 .text.fnet_icmp_output
                0x00001068       0x40 ./fnet_stack/stack/fnet_icmp.o
 .text.fnet_icmp_notify_protocol
                0x000010a8       0x70 ./fnet_stack/stack/fnet_icmp.o
 .text.fnet_icmp_input
                0x00001118      0x114 ./fnet_stack/stack/fnet_icmp.o
 .text.fnet_icmp_error
                0x0000122c       0xfc ./fnet_stack/stack/fnet_icmp.o
                0x0000122c                fnet_icmp_error
 .text.fnet_inet_ntop_ip4
                0x00001328       0x44 ./fnet_stack/stack/fnet_inet.o
 .text.fnet_inet_pton_ip4
                0x0000136c       0x98 ./fnet_stack/stack/fnet_inet.o
 .text.fnet_inet_ntoa
                0x00001404       0x18 ./fnet_stack/stack/fnet_inet.o
                0x00001404                fnet_inet_ntoa
 .text.fnet_inet_aton
                0x0000141c        0x8 ./fnet_stack/stack/fnet_inet.o
                0x0000141c                fnet_inet_aton
 .text.fnet_inet_ntop
                0x00001424       0x18 ./fnet_stack/stack/fnet_inet.o
                0x00001424                fnet_inet_ntop
 .text.fnet_inet_ptos
                0x0000143c       0x38 ./fnet_stack/stack/fnet_inet.o
                0x0000143c                fnet_inet_ptos
 .text.fnet_ip_init
                0x00001474       0x30 ./fnet_stack/stack/fnet_ip.o
                0x00001474                fnet_ip_init
 .text.fnet_ip_route
                0x000014a4       0x3c ./fnet_stack/stack/fnet_ip.o
                0x000014a4                fnet_ip_route
 .text.fnet_ip_set_socket_addr
                0x000014e0       0x3c ./fnet_stack/stack/fnet_ip.o
                0x000014e0                fnet_ip_set_socket_addr
 .text.fnet_ip_drain
                0x0000151c       0x2c ./fnet_stack/stack/fnet_ip.o
                0x0000151c                fnet_ip_drain
 .text.fnet_ip_release
                0x00001548        0x8 ./fnet_stack/stack/fnet_ip.o
                0x00001548                fnet_ip_release
 .text.fnet_ip_multicast_join
                0x00001550       0x58 ./fnet_stack/stack/fnet_ip.o
                0x00001550                fnet_ip_multicast_join
 .text.fnet_ip_multicast_leave_entry
                0x000015a8       0x18 ./fnet_stack/stack/fnet_ip.o
                0x000015a8                fnet_ip_multicast_leave_entry
 .text.fnet_ip_addr_is_broadcast
                0x000015c0       0x90 ./fnet_stack/stack/fnet_ip.o
                0x000015c0                fnet_ip_addr_is_broadcast
 .text.fnet_ip_output
                0x00001650      0x144 ./fnet_stack/stack/fnet_ip.o
                0x00001650                fnet_ip_output
 .text.fnet_ip_setsockopt
                0x00001794      0x130 ./fnet_stack/stack/fnet_ip.o
                0x00001794                fnet_ip_setsockopt
 .text.fnet_ip_getsockopt
                0x000018c4       0x8c ./fnet_stack/stack/fnet_ip.o
                0x000018c4                fnet_ip_getsockopt
 .text.fnet_ip_queue_append
                0x00001950       0x4c ./fnet_stack/stack/fnet_ip.o
                0x00001950                fnet_ip_queue_append
 .text.fnet_ip_input
                0x0000199c       0x30 ./fnet_stack/stack/fnet_ip.o
                0x0000199c                fnet_ip_input
 .text.fnet_ip_queue_read
                0x000019cc       0x34 ./fnet_stack/stack/fnet_ip.o
                0x000019cc                fnet_ip_queue_read
 .text.fnet_ip_input_low
                0x00001a00      0x144 ./fnet_stack/stack/fnet_ip.o
 .text.fnet_isr_handler
                0x00001b44       0x48 ./fnet_stack/stack/fnet_isr.o
                0x00001b44                fnet_isr_handler
 .text.fnet_isr_vector_init
                0x00001b8c       0x40 ./fnet_stack/stack/fnet_isr.o
                0x00001b8c                fnet_isr_vector_init
 .text.fnet_event_init
                0x00001bcc       0x3c ./fnet_stack/stack/fnet_isr.o
                0x00001bcc                fnet_event_init
 .text.fnet_isr_vector_release
                0x00001c08       0x54 ./fnet_stack/stack/fnet_isr.o
                0x00001c08                fnet_isr_vector_release
 .text.fnet_isr_lock
                0x00001c5c       0x10 ./fnet_stack/stack/fnet_isr.o
                0x00001c5c                fnet_isr_lock
 .text.fnet_isr_unlock
                0x00001c6c       0x3c ./fnet_stack/stack/fnet_isr.o
                0x00001c6c                fnet_isr_unlock
 .text.fnet_event_raise
                0x00001ca8       0x54 ./fnet_stack/stack/fnet_isr.o
                0x00001ca8                fnet_event_raise
 .text.fnet_isr_init
                0x00001cfc       0x14 ./fnet_stack/stack/fnet_isr.o
                0x00001cfc                fnet_isr_init
 .text.fnet_mempool_init
                0x00001d10       0x38 ./fnet_stack/stack/fnet_mempool.o
                0x00001d10                fnet_mempool_init
 .text.fnet_mempool_release
                0x00001d48        0x8 ./fnet_stack/stack/fnet_mempool.o
                0x00001d48                fnet_mempool_release
 .text.fnet_mempool_free
                0x00001d50       0x78 ./fnet_stack/stack/fnet_mempool.o
                0x00001d50                fnet_mempool_free
 .text.fnet_mempool_malloc
                0x00001dc8       0x84 ./fnet_stack/stack/fnet_mempool.o
                0x00001dc8                fnet_mempool_malloc
 .text.fnet_mempool_free_mem_status
                0x00001e4c       0x30 ./fnet_stack/stack/fnet_mempool.o
                0x00001e4c                fnet_mempool_free_mem_status
 .text.fnet_netbuf_to_buf
                0x00001e7c       0x6c ./fnet_stack/stack/fnet_netbuf.o
                0x00001e7c                fnet_netbuf_to_buf
 .text.fnet_netbuf_concat
                0x00001ee8       0x34 ./fnet_stack/stack/fnet_netbuf.o
                0x00001ee8                fnet_netbuf_concat
 .text.fnet_netbuf_add_chain
                0x00001f1c       0x14 ./fnet_stack/stack/fnet_netbuf.o
                0x00001f1c                fnet_netbuf_add_chain
 .text.fnet_heap_init
                0x00001f30       0x1c ./fnet_stack/stack/fnet_netbuf.o
                0x00001f30                fnet_heap_init
 .text.fnet_free_netbuf
                0x00001f4c       0x14 ./fnet_stack/stack/fnet_netbuf.o
                0x00001f4c                fnet_free_netbuf
 .text.fnet_netbuf_free
                0x00001f60       0x28 ./fnet_stack/stack/fnet_netbuf.o
                0x00001f60                fnet_netbuf_free
 .text.fnet_netbuf_trim
                0x00001f88       0xc4 ./fnet_stack/stack/fnet_netbuf.o
                0x00001f88                fnet_netbuf_trim
 .text.fnet_netbuf_free_chain
                0x0000204c       0x28 ./fnet_stack/stack/fnet_netbuf.o
                0x0000204c                fnet_netbuf_free_chain
 .text.fnet_netbuf_del_chain
                0x00002074       0x30 ./fnet_stack/stack/fnet_netbuf.o
                0x00002074                fnet_netbuf_del_chain
 .text.fnet_malloc_netbuf
                0x000020a4       0x14 ./fnet_stack/stack/fnet_netbuf.o
                0x000020a4                fnet_malloc_netbuf
 .text.fnet_netbuf_new
                0x000020b8       0x7c ./fnet_stack/stack/fnet_netbuf.o
                0x000020b8                fnet_netbuf_new
 .text.fnet_netbuf_from_buf
                0x00002134       0x20 ./fnet_stack/stack/fnet_netbuf.o
                0x00002134                fnet_netbuf_from_buf
 .text.fnet_netbuf_copy
                0x00002154      0x144 ./fnet_stack/stack/fnet_netbuf.o
                0x00002154                fnet_netbuf_copy
 .text.fnet_netbuf_pullup
                0x00002298       0xd8 ./fnet_stack/stack/fnet_netbuf.o
                0x00002298                fnet_netbuf_pullup
 .text.fnet_free
                0x00002370       0x14 ./fnet_stack/stack/fnet_netbuf.o
                0x00002370                fnet_free
 .text.fnet_malloc
                0x00002384       0x14 ./fnet_stack/stack/fnet_netbuf.o
                0x00002384                fnet_malloc
 .text.fnet_malloc_zero
                0x00002398       0x18 ./fnet_stack/stack/fnet_netbuf.o
                0x00002398                fnet_malloc_zero
 .text.fnet_free_mem_status
                0x000023b0       0x10 ./fnet_stack/stack/fnet_netbuf.o
                0x000023b0                fnet_free_mem_status
 .text.fnet_mem_release
                0x000023c0       0x10 ./fnet_stack/stack/fnet_netbuf.o
                0x000023c0                fnet_mem_release
 .text.fnet_netif_drain
                0x000023d0       0x28 ./fnet_stack/stack/fnet_netif.o
                0x000023d0                fnet_netif_drain
 .text.fnet_netif_get_by_ip4_addr
                0x000023f8       0x24 ./fnet_stack/stack/fnet_netif.o
                0x000023f8                fnet_netif_get_by_ip4_addr
 .text.fnet_netif_get_by_sockaddr
                0x0000241c       0x1c ./fnet_stack/stack/fnet_netif.o
                0x0000241c                fnet_netif_get_by_sockaddr
 .text.fnet_netif_release
                0x00002438       0x2c ./fnet_stack/stack/fnet_netif.o
                0x00002438                fnet_netif_release
 .text.fnet_netif_release_all
                0x00002464       0x34 ./fnet_stack/stack/fnet_netif.o
                0x00002464                fnet_netif_release_all
 .text.fnet_netif_set_ip4_addr
                0x00002498       0x80 ./fnet_stack/stack/fnet_netif.o
                0x00002498                fnet_netif_set_ip4_addr
 .text.fnet_netif_set_ip4_subnet_mask
                0x00002518       0x1c ./fnet_stack/stack/fnet_netif.o
                0x00002518                fnet_netif_set_ip4_subnet_mask
 .text.fnet_netif_set_ip4_gateway
                0x00002534        0xc ./fnet_stack/stack/fnet_netif.o
                0x00002534                fnet_netif_set_ip4_gateway
 .text.fnet_netif_get_default
                0x00002540        0xc ./fnet_stack/stack/fnet_netif.o
                0x00002540                fnet_netif_get_default
 .text.fnet_netif_get_ip4_addr
                0x0000254c        0xc ./fnet_stack/stack/fnet_netif.o
                0x0000254c                fnet_netif_get_ip4_addr
 .text.fnet_netif_get_ip4_subnet_mask
                0x00002558        0xc ./fnet_stack/stack/fnet_netif.o
                0x00002558                fnet_netif_get_ip4_subnet_mask
 .text.fnet_netif_get_ip4_gateway
                0x00002564        0xc ./fnet_stack/stack/fnet_netif.o
                0x00002564                fnet_netif_get_ip4_gateway
 .text.fnet_netif_get_name
                0x00002570       0x14 ./fnet_stack/stack/fnet_netif.o
                0x00002570                fnet_netif_get_name
 .text.fnet_netif_get_ip4_addr_automatic
                0x00002584        0xc ./fnet_stack/stack/fnet_netif.o
                0x00002584                fnet_netif_get_ip4_addr_automatic
 .text.fnet_netif_set_ip4_addr_automatic
                0x00002590        0xc ./fnet_stack/stack/fnet_netif.o
                0x00002590                fnet_netif_set_ip4_addr_automatic
 .text.fnet_netif_get_hw_addr
                0x0000259c       0x38 ./fnet_stack/stack/fnet_netif.o
                0x0000259c                fnet_netif_get_hw_addr
 .text.fnet_netif_set_hw_addr
                0x000025d4       0x54 ./fnet_stack/stack/fnet_netif.o
                0x000025d4                fnet_netif_set_hw_addr
 .text.fnet_netif_init
                0x00002628       0x98 ./fnet_stack/stack/fnet_netif.o
                0x00002628                fnet_netif_init
 .text.fnet_netif_init_all
                0x000026c0       0x80 ./fnet_stack/stack/fnet_netif.o
                0x000026c0                fnet_netif_init_all
 .text.fnet_netif_join_ip4_multicast
                0x00002740       0x10 ./fnet_stack/stack/fnet_netif.o
                0x00002740                fnet_netif_join_ip4_multicast
 .text.fnet_netif_leave_ip4_multicast
                0x00002750       0x10 ./fnet_stack/stack/fnet_netif.o
                0x00002750                fnet_netif_leave_ip4_multicast
 .text.fnet_netif_connected
                0x00002760       0x18 ./fnet_stack/stack/fnet_netif.o
                0x00002760                fnet_netif_connected
 .text.fnet_netif_dupip_handler_init
                0x00002778        0xc ./fnet_stack/stack/fnet_netif.o
                0x00002778                fnet_netif_dupip_handler_init
 .text.fnet_netif_dupip_handler_signal
                0x00002784       0x10 ./fnet_stack/stack/fnet_netif.o
                0x00002784                fnet_netif_dupip_handler_signal
 .text.fnet_netif_get_scope_id
                0x00002794        0xc ./fnet_stack/stack/fnet_netif.o
                0x00002794                fnet_netif_get_scope_id
 .text.fnet_netif_get_mtu
                0x000027a0        0xc ./fnet_stack/stack/fnet_netif.o
                0x000027a0                fnet_netif_get_mtu
 .text.fnet_netif_get_by_scope_id
                0x000027ac       0x28 ./fnet_stack/stack/fnet_netif.o
                0x000027ac                fnet_netif_get_by_scope_id
 .text.fnet_prot_init
                0x000027d4       0x44 ./fnet_stack/stack/fnet_prot.o
                0x000027d4                fnet_prot_init
 .text.fnet_prot_release
                0x00002818       0x28 ./fnet_stack/stack/fnet_prot.o
                0x00002818                fnet_prot_release
 .text.fnet_prot_find
                0x00002840       0x3c ./fnet_stack/stack/fnet_prot.o
                0x00002840                fnet_prot_find
 .text.fnet_prot_drain
                0x0000287c       0x24 ./fnet_stack/stack/fnet_prot.o
                0x0000287c                fnet_prot_drain
 .text.fnet_raw_attach
                0x000028a0       0x18 ./fnet_stack/stack/fnet_raw.o
 .text.fnet_raw_shutdown
                0x000028b8       0x34 ./fnet_stack/stack/fnet_raw.o
 .text.fnet_raw_snd
                0x000028ec       0xb4 ./fnet_stack/stack/fnet_raw.o
 .text.fnet_raw_rcv
                0x000029a0       0x50 ./fnet_stack/stack/fnet_raw.o
 .text.fnet_raw_connect
                0x000029f0       0x34 ./fnet_stack/stack/fnet_raw.o
 .text.fnet_raw_detach
                0x00002a24       0x1c ./fnet_stack/stack/fnet_raw.o
 .text.fnet_raw_release
                0x00002a40       0x1c ./fnet_stack/stack/fnet_raw.o
 .text.fnet_raw_input
                0x00002a5c      0x17c ./fnet_stack/stack/fnet_raw.o
                0x00002a5c                fnet_raw_input
 .text.fnet_socket_desc_find
                0x00002bd8       0x24 ./fnet_stack/stack/fnet_socket.o
 .text.fnet_socket_addr_check_len
                0x00002bfc       0x24 ./fnet_stack/stack/fnet_socket.o
 .text.fnet_socket_desc_alloc
                0x00002c20       0x40 ./fnet_stack/stack/fnet_socket.o
 .text.fnet_socket_init
                0x00002c60       0x10 ./fnet_stack/stack/fnet_socket.o
                0x00002c60                fnet_socket_init
 .text.fnet_socket_set_error
                0x00002c70       0x1c ./fnet_stack/stack/fnet_socket.o
                0x00002c70                fnet_socket_set_error
 .text.fnet_socket_list_add
                0x00002c8c       0x20 ./fnet_stack/stack/fnet_socket.o
                0x00002c8c                fnet_socket_list_add
 .text.fnet_socket_list_del
                0x00002cac       0x28 ./fnet_stack/stack/fnet_socket.o
                0x00002cac                fnet_socket_list_del
 .text.fnet_socket_close
                0x00002cd4       0x40 ./fnet_stack/stack/fnet_socket.o
                0x00002cd4                fnet_socket_close
 .text.fnet_socket_recvfrom
                0x00002d14       0x98 ./fnet_stack/stack/fnet_socket.o
                0x00002d14                fnet_socket_recvfrom
 .text.fnet_socket_buffer_release
                0x00002dac       0x28 ./fnet_stack/stack/fnet_socket.o
                0x00002dac                fnet_socket_buffer_release
 .text.fnet_socket_release
                0x00002dd4       0x30 ./fnet_stack/stack/fnet_socket.o
                0x00002dd4                fnet_socket_release
 .text.fnet_socket
                0x00002e04       0xb8 ./fnet_stack/stack/fnet_socket.o
                0x00002e04                fnet_socket
 .text.fnet_socket_buffer_append_address
                0x00002ebc       0x5c ./fnet_stack/stack/fnet_socket.o
                0x00002ebc                fnet_socket_buffer_append_address
 .text.fnet_socket_buffer_read_address
                0x00002f18       0x6c ./fnet_stack/stack/fnet_socket.o
                0x00002f18                fnet_socket_buffer_read_address
 .text.fnet_socket_addr_is_multicast
                0x00002f84       0x24 ./fnet_stack/stack/fnet_socket.o
                0x00002f84                fnet_socket_addr_is_multicast
 .text.fnet_socket_addr_is_broadcast
                0x00002fa8       0x1c ./fnet_stack/stack/fnet_socket.o
                0x00002fa8                fnet_socket_addr_is_broadcast
 .text.fnet_socket_addr_is_unspecified
                0x00002fc4       0x20 ./fnet_stack/stack/fnet_socket.o
                0x00002fc4                fnet_socket_addr_is_unspecified
 .text.fnet_socket_sendto
                0x00002fe4       0x90 ./fnet_stack/stack/fnet_socket.o
                0x00002fe4                fnet_socket_sendto
 .text.fnet_socket_addr_are_equal
                0x00003074       0x34 ./fnet_stack/stack/fnet_socket.o
                0x00003074                fnet_socket_addr_are_equal
 .text.fnet_socket_conflict
                0x000030a8       0x98 ./fnet_stack/stack/fnet_socket.o
                0x000030a8                fnet_socket_conflict
 .text.fnet_socket_get_uniqueport
                0x00003140       0x5c ./fnet_stack/stack/fnet_socket.o
                0x00003140                fnet_socket_get_uniqueport
 .text.fnet_socket_lookup
                0x0000319c       0xc0 ./fnet_stack/stack/fnet_socket.o
                0x0000319c                fnet_socket_lookup
 .text.fnet_socket_ip_addr_copy
                0x0000325c       0x1c ./fnet_stack/stack/fnet_socket.o
                0x0000325c                fnet_socket_ip_addr_copy
 .text.fnet_socket_bind
                0x00003278       0xcc ./fnet_stack/stack/fnet_socket.o
                0x00003278                fnet_socket_bind
 .text.fnet_socket_addr_copy
                0x00003344       0x1c ./fnet_stack/stack/fnet_socket.o
                0x00003344                fnet_socket_addr_copy
 .text.fnet_init
                0x00003360       0x6c ./fnet_stack/stack/fnet_stack.o
                0x00003360                fnet_init
 .text.fnet_release
                0x000033cc       0x24 ./fnet_stack/stack/fnet_stack.o
                0x000033cc                fnet_release
 .text.fnet_memcpy
                0x000033f0       0xb8 ./fnet_stack/stack/fnet_stdlib.o
                0x000033f0                fnet_memcpy
 .text.fnet_memset
                0x000034a8       0x10 ./fnet_stack/stack/fnet_stdlib.o
                0x000034a8                fnet_memset
 .text.fnet_memset_zero
                0x000034b8       0x10 ./fnet_stack/stack/fnet_stdlib.o
                0x000034b8                fnet_memset_zero
 .text.fnet_memcmp
                0x000034c8       0x3c ./fnet_stack/stack/fnet_stdlib.o
                0x000034c8                fnet_memcmp
 .text.fnet_strcmp
                0x00003504       0x38 ./fnet_stack/stack/fnet_stdlib.o
                0x00003504                fnet_strcmp
 .text.fnet_strlen
                0x0000353c       0x24 ./fnet_stack/stack/fnet_stdlib.o
                0x0000353c                fnet_strlen
 .text.fnet_strncpy
                0x00003560       0x28 ./fnet_stack/stack/fnet_stdlib.o
                0x00003560                fnet_strncpy
 .text.fnet_strrchr
                0x00003588       0x30 ./fnet_stack/stack/fnet_stdlib.o
                0x00003588                fnet_strrchr
 .text.fnet_strchr
                0x000035b8       0x2c ./fnet_stack/stack/fnet_stdlib.o
                0x000035b8                fnet_strchr
 .text.fnet_strtoul
                0x000035e4      0x114 ./fnet_stack/stack/fnet_stdlib.o
                0x000035e4                fnet_strtoul
 .text.fnet_tolower
                0x000036f8       0x18 ./fnet_stack/stack/fnet_stdlib.o
                0x000036f8                fnet_tolower
 .text.fnet_strcasecmp
                0x00003710       0x34 ./fnet_stack/stack/fnet_stdlib.o
                0x00003710                fnet_strcasecmp
 .text.fnet_srand
                0x00003744       0x10 ./fnet_stack/stack/fnet_stdlib.o
                0x00003744                fnet_srand
 .text.fnet_timer_init
                0x00003754       0x14 ./fnet_stack/stack/fnet_timer.o
                0x00003754                fnet_timer_init
 .text.fnet_timer_release
                0x00003768       0x24 ./fnet_stack/stack/fnet_timer.o
                0x00003768                fnet_timer_release
 .text.fnet_timer_ticks
                0x0000378c        0xc ./fnet_stack/stack/fnet_timer.o
                0x0000378c                fnet_timer_ticks
 .text.fnet_timer_ticks_inc
                0x00003798       0x10 ./fnet_stack/stack/fnet_timer.o
                0x00003798                fnet_timer_ticks_inc
 .text.fnet_timer_handler_bottom
                0x000037a8       0x34 ./fnet_stack/stack/fnet_timer.o
                0x000037a8                fnet_timer_handler_bottom
 .text.fnet_timer_new
                0x000037dc       0x34 ./fnet_stack/stack/fnet_timer.o
                0x000037dc                fnet_timer_new
 .text.fnet_timer_free
                0x00003810       0x30 ./fnet_stack/stack/fnet_timer.o
                0x00003810                fnet_timer_free
 .text.fnet_timer_get_interval
                0x00003840        0x4 ./fnet_stack/stack/fnet_timer.o
                0x00003840                fnet_timer_get_interval
 .text.fnet_timer_delay
                0x00003844       0x14 ./fnet_stack/stack/fnet_timer.o
                0x00003844                fnet_timer_delay
 .text.fnet_udp_attach
                0x00003858       0x20 ./fnet_stack/stack/fnet_udp.o
 .text.fnet_udp_shutdown
                0x00003878       0x34 ./fnet_stack/stack/fnet_udp.o
 .text.fnet_udp_snd
                0x000038ac      0x120 ./fnet_stack/stack/fnet_udp.o
 .text.fnet_udp_rcv
                0x000039cc       0x64 ./fnet_stack/stack/fnet_udp.o
 .text.fnet_udp_connect
                0x00003a30       0x2c ./fnet_stack/stack/fnet_udp.o
 .text.fnet_udp_detach
                0x00003a5c       0x1c ./fnet_stack/stack/fnet_udp.o
 .text.fnet_udp_release
                0x00003a78       0x1c ./fnet_stack/stack/fnet_udp.o
 .text.fnet_udp_control_input
                0x00003a94       0x78 ./fnet_stack/stack/fnet_udp.o
 .text.fnet_udp_input
                0x00003b0c      0x1e4 ./fnet_stack/stack/fnet_udp.o
 .text.fnet_tftp_cln_init
                0x00003cf0      0x150 ./fnet_stack/services/tftp/fnet_tftp_cln.o
                0x00003cf0                fnet_tftp_cln_init
 .text.fnet_tftp_cln_release
                0x00003e40       0x20 ./fnet_stack/services/tftp/fnet_tftp_cln.o
                0x00003e40                fnet_tftp_cln_release
 .text.fnet_tftp_cln_state_machine
                0x00003e60      0x218 ./fnet_stack/services/tftp/fnet_tftp_cln.o
 .text.fnet_tftp_srv_send_data
                0x00004078       0x40 ./fnet_stack/services/tftp/fnet_tftp_srv.o
 .text.fnet_tftp_srv_send_ack
                0x000040b8       0x3c ./fnet_stack/services/tftp/fnet_tftp_srv.o
 .text.fnet_tftp_srv_send_error
                0x000040f4       0x68 ./fnet_stack/services/tftp/fnet_tftp_srv.o
 .text.fnet_tftp_srv_data_handler
                0x0000415c       0x58 ./fnet_stack/services/tftp/fnet_tftp_srv.o
 .text.fnet_tftp_srv_state_machine
                0x000041b4      0x308 ./fnet_stack/services/tftp/fnet_tftp_srv.o
 .text.fnet_tftp_srv_init
                0x000044bc      0x114 ./fnet_stack/services/tftp/fnet_tftp_srv.o
                0x000044bc                fnet_tftp_srv_init
 .text.fnet_tftp_srv_release
                0x000045d0       0x3c ./fnet_stack/services/tftp/fnet_tftp_srv.o
                0x000045d0                fnet_tftp_srv_release
 .text.fnet_tftp_srv_state
                0x0000460c        0xc ./fnet_stack/services/tftp/fnet_tftp_srv.o
                0x0000460c                fnet_tftp_srv_state
 .text.fnet_shell_echo
                0x00004618       0x10 ./fnet_stack/services/shell/fnet_shell.o
 .text.fnet_shell_init
                0x00004628       0x94 ./fnet_stack/services/shell/fnet_shell.o
                0x00004628                fnet_shell_init
 .text.fnet_shell_printf
                0x000046bc       0x30 ./fnet_stack/services/shell/fnet_shell.o
                0x000046bc                fnet_shell_printf
 .text.fnet_shell_println
                0x000046ec       0x3c ./fnet_stack/services/shell/fnet_shell.o
                0x000046ec                fnet_shell_println
 .text.fnet_shell_putchar
                0x00004728       0x14 ./fnet_stack/services/shell/fnet_shell.o
                0x00004728                fnet_shell_putchar
 .text.fnet_shell_getchar
                0x0000473c       0x14 ./fnet_stack/services/shell/fnet_shell.o
                0x0000473c                fnet_shell_getchar
 .text.fnet_shell_script
                0x00004750       0x1c ./fnet_stack/services/shell/fnet_shell.o
                0x00004750                fnet_shell_script
 .text.fnet_shell_script_release
                0x0000476c       0x10 ./fnet_stack/services/shell/fnet_shell.o
                0x0000476c                fnet_shell_script_release
 .text.fnet_shell_help
                0x0000477c       0x30 ./fnet_stack/services/shell/fnet_shell.o
                0x0000477c                fnet_shell_help
 .text.fnet_shell_ctrlc
                0x000047ac       0x14 ./fnet_stack/services/shell/fnet_shell.o
                0x000047ac                fnet_shell_ctrlc
 .text.fnet_shell_state_machine
                0x000047c0      0x2ac ./fnet_stack/services/shell/fnet_shell.o
 .text.fnet_shell_block
                0x00004a6c       0x1c ./fnet_stack/services/shell/fnet_shell.o
                0x00004a6c                fnet_shell_block
 .text.fnet_shell_unblock
                0x00004a88        0xc ./fnet_stack/services/shell/fnet_shell.o
                0x00004a88                fnet_shell_unblock
 .text.fnet_serial_printk_mknumstr
                0x00004a94       0x6c ./fnet_stack/services/serial/fnet_serial.o
 .text.fnet_serial_buffer_putchar
                0x00004b00       0x18 ./fnet_stack/services/serial/fnet_serial.o
 .text.fnet_serial_putchar
                0x00004b18        0xc ./fnet_stack/services/serial/fnet_serial.o
                0x00004b18                fnet_serial_putchar
 .text.fnet_serial_printk_pad
                0x00004b24       0x2c ./fnet_stack/services/serial/fnet_serial.o
 .text.fnet_serial_getchar
                0x00004b50        0xc ./fnet_stack/services/serial/fnet_serial.o
                0x00004b50                fnet_serial_getchar
 .text.fnet_serial_flush
                0x00004b5c        0xc ./fnet_stack/services/serial/fnet_serial.o
                0x00004b5c                fnet_serial_flush
 .text.fnet_serial_vprintf
                0x00004b68      0x4f8 ./fnet_stack/services/serial/fnet_serial.o
                0x00004b68                fnet_serial_vprintf
 .text.fnet_printf
                0x00005060       0x24 ./fnet_stack/services/serial/fnet_serial.o
                0x00005060                fnet_printf
 .text.fnet_sprintf
                0x00005084       0x3c ./fnet_stack/services/serial/fnet_serial.o
                0x00005084                fnet_sprintf
 .text.fnet_snprintf
                0x000050c0       0x48 ./fnet_stack/services/serial/fnet_serial.o
                0x000050c0                fnet_snprintf
 .text.fnet_poll_services
                0x00005108       0x28 ./fnet_stack/services/poll/fnet_poll.o
                0x00005108                fnet_poll_services
 .text.fnet_poll_service_register
                0x00005130       0x50 ./fnet_stack/services/poll/fnet_poll.o
                0x00005130                fnet_poll_service_register
 .text.fnet_poll_service_unregister
                0x00005180       0x1c ./fnet_stack/services/poll/fnet_poll.o
                0x00005180                fnet_poll_service_unregister
 .text.fnet_flash_write_low
                0x0000519c       0x1c ./fnet_stack/services/flash/fnet_flash.o
 .text.fnet_flash_erase
                0x000051b8       0x30 ./fnet_stack/services/flash/fnet_flash.o
                0x000051b8                fnet_flash_erase
 .text.fnet_flash_memcpy
                0x000051e8       0xa0 ./fnet_stack/services/flash/fnet_flash.o
                0x000051e8                fnet_flash_memcpy
 .text.fnet_dhcp_receive_message
                0x00005288      0x1a0 ./fnet_stack/services/dhcp/fnet_dhcp.o
 .text.fnet_dhcp_add_option
                0x00005428       0x34 ./fnet_stack/services/dhcp/fnet_dhcp.o
 .text.fnet_dhcp_send_message
                0x0000545c      0x1b8 ./fnet_stack/services/dhcp/fnet_dhcp.o
 .text.fnet_dhcp_change_state
                0x00005614      0x100 ./fnet_stack/services/dhcp/fnet_dhcp.o
 .text.fnet_dhcp_init
                0x00005714       0xd8 ./fnet_stack/services/dhcp/fnet_dhcp.o
                0x00005714                fnet_dhcp_init
 .text.fnet_dhcp_release
                0x000057ec       0x1c ./fnet_stack/services/dhcp/fnet_dhcp.o
                0x000057ec                fnet_dhcp_release
 .text.fnet_dhcp_state_machine
                0x00005808      0x264 ./fnet_stack/services/dhcp/fnet_dhcp.o
 .text.fnet_dhcp_enabled
                0x00005a6c        0xc ./fnet_stack/services/dhcp/fnet_dhcp.o
                0x00005a6c                fnet_dhcp_enabled
 .text.fnet_dhcp_get_options
                0x00005a78       0x1c ./fnet_stack/services/dhcp/fnet_dhcp.o
                0x00005a78                fnet_dhcp_get_options
 .text.fnet_dhcp_handler_updated_set
                0x00005a94        0xc ./fnet_stack/services/dhcp/fnet_dhcp.o
                0x00005a94                fnet_dhcp_handler_updated_set
 .text.fnet_dhcp_handler_discover_set
                0x00005aa0        0xc ./fnet_stack/services/dhcp/fnet_dhcp.o
                0x00005aa0                fnet_dhcp_handler_discover_set
 .text.fnet_cpu_reset
                0x00005aac       0x10 ./fnet_stack/cpu/mk/fnet_mk.o
                0x00005aac                fnet_cpu_reset
 .text.fnet_cpu_irq_disable
                0x00005abc        0x8 ./fnet_stack/cpu/mk/fnet_mk.o
                0x00005abc                fnet_cpu_irq_disable
 .text.fnet_cpu_irq_enable
                0x00005ac4        0x8 ./fnet_stack/cpu/mk/fnet_mk.o
                0x00005ac4                fnet_cpu_irq_enable
 .text.fnet_mk_periph_clk_khz
                0x00005acc       0x20 ./fnet_stack/cpu/mk/fnet_mk.o
                0x00005acc                fnet_mk_periph_clk_khz
 .text.fnet_cpu_cache_invalidate
                0x00005aec        0x4 ./fnet_stack/cpu/mk/fnet_mk_cache.o
                0x00005aec                fnet_cpu_cache_invalidate
 .text.fnet_eth_io_init
                0x00005af0       0x5c ./fnet_stack/cpu/mk/fnet_mk_eth.o
                0x00005af0                fnet_eth_io_init
 .text.fnet_eth_phy_init
                0x00005b4c        0x4 ./fnet_stack/cpu/mk/fnet_mk_eth.o
                0x00005b4c                fnet_eth_phy_init
 .text.fnet_ftfl_command
                0x00005b50       0x6c ./fnet_stack/cpu/mk/fnet_mk_flash.o
 .text.fnet_cpu_flash_erase
                0x00005bbc       0x10 ./fnet_stack/cpu/mk/fnet_mk_flash.o
                0x00005bbc                fnet_cpu_flash_erase
 .text.fnet_cpu_flash_write
                0x00005bcc       0x10 ./fnet_stack/cpu/mk/fnet_mk_flash.o
                0x00005bcc                fnet_cpu_flash_write
 .text.fnet_cpu_isr
                0x00005bdc       0x10 ./fnet_stack/cpu/mk/fnet_mk_isr.o
                0x00005bdc                fnet_cpu_isr
 .text.fnet_cpu_isr_install
                0x00005bec       0x6c ./fnet_stack/cpu/mk/fnet_mk_isr_inst.o
                0x00005bec                fnet_cpu_isr_install
 .text.fnet_cpu_serial_putchar
                0x00005c58       0x18 ./fnet_stack/cpu/mk/fnet_mk_serial.o
                0x00005c58                fnet_cpu_serial_putchar
 .text.fnet_cpu_serial_getchar
                0x00005c70       0x1c ./fnet_stack/cpu/mk/fnet_mk_serial.o
                0x00005c70                fnet_cpu_serial_getchar
 .text.fnet_cpu_serial_init
                0x00005c8c      0x178 ./fnet_stack/cpu/mk/fnet_mk_serial.o
                0x00005c8c                fnet_cpu_serial_init
 .text.fnet_cpu_timer_handler_top
                0x00005e04       0x20 ./fnet_stack/cpu/mk/fnet_mk_timer.o
 .text.fnet_cpu_timer_init
                0x00005e24       0x60 ./fnet_stack/cpu/mk/fnet_mk_timer.o
                0x00005e24                fnet_cpu_timer_init
 .text.fnet_cpu_timer_release
                0x00005e84       0x1c ./fnet_stack/cpu/mk/fnet_mk_timer.o
                0x00005e84                fnet_cpu_timer_release
 .text.fnet_fec_rx_buf_next
                0x00005ea0       0x3c ./fnet_stack/cpu/common/fnet_fec.o
 .text.fnet_fec_get_mac_addr
                0x00005edc       0x24 ./fnet_stack/cpu/common/fnet_fec.o
 .text.fnet_fec_get_hw_addr
                0x00005f00       0x30 ./fnet_stack/cpu/common/fnet_fec.o
 .text.fnet_fec_get_statistics
                0x00005f30       0x2c ./fnet_stack/cpu/common/fnet_fec.o
 .text.fnet_fec_isr_rx_handler_top
                0x00005f5c       0x10 ./fnet_stack/cpu/common/fnet_fec.o
 .text.fnet_fec_crc_hash
                0x00005f6c       0x38 ./fnet_stack/cpu/common/fnet_fec.o
 .text.fnet_fec_set_hw_addr
                0x00005fa4       0x94 ./fnet_stack/cpu/common/fnet_fec.o
 .text.fnet_fec_release
                0x00006038       0x2c ./fnet_stack/cpu/common/fnet_fec.o
 .text.fnet_fec_isr_rx_handler_bottom
                0x00006064       0xd8 ./fnet_stack/cpu/common/fnet_fec.o
 .text.fnet_fec_output
                0x0000613c       0xa8 ./fnet_stack/cpu/common/fnet_fec.o
                0x0000613c                fnet_fec_output
 .text.fnet_fec_mii_read
                0x000061e4       0x90 ./fnet_stack/cpu/common/fnet_fec.o
                0x000061e4                fnet_fec_mii_read
 .text.fnet_fec_is_connected
                0x00006274       0x34 ./fnet_stack/cpu/common/fnet_fec.o
 .text.fnet_fec_init
                0x000062a8      0x268 ./fnet_stack/cpu/common/fnet_fec.o
 .text.fnet_fec_multicast_join
                0x00006510       0x58 ./fnet_stack/cpu/common/fnet_fec.o
                0x00006510                fnet_fec_multicast_join
 .text.fnet_fec_multicast_leave
                0x00006568       0x44 ./fnet_stack/cpu/common/fnet_fec.o
                0x00006568                fnet_fec_multicast_leave
 .text.fnet_htons
                0x000065ac        0xc ./fnet_stack/cpu/fnet_cpu.o
                0x000065ac                fnet_htons
 .text.fnet_htonl
                0x000065b8       0x18 ./fnet_stack/cpu/fnet_cpu.o
                0x000065b8                fnet_htonl
 .text.fapp_reset_cmd
                0x000065d0        0xc ./fnet_application/fapp.o
 .text.fapp_save_cmd
                0x000065dc       0x2c ./fnet_application/fapp.o
 .text.fapp_boot_mode_script
                0x00006608       0x20 ./fnet_application/fapp.o
 .text.fapp_go  0x00006628       0x3c ./fnet_application/fapp.o
 .text.fapp_boot_mode_go
                0x00006664       0x10 ./fnet_application/fapp.o
 .text.fapp_dup_ip_handler
                0x00006674       0x2c ./fnet_application/fapp.o
 .text.fapp_go_cmd
                0x000066a0       0x40 ./fnet_application/fapp.o
                0x000066a0                fapp_go_cmd
 .text.fapp_help_cmd
                0x000066e0        0x8 ./fnet_application/fapp.o
                0x000066e0                fapp_help_cmd
 .text.fapp_boot_mode_by_index
                0x000066e8       0x2c ./fnet_application/fapp.o
                0x000066e8                fapp_boot_mode_by_index
 .text.fapp_boot_mode_by_name
                0x00006714       0x34 ./fnet_application/fapp.o
                0x00006714                fapp_boot_mode_by_name
 .text.fapp_main
                0x00006748      0x12c ./fnet_application/fapp.o
                0x00006748                fapp_main
 .text.fapp_netif_addr_print
                0x00006874       0x74 ./fnet_application/fapp.o
                0x00006874                fapp_netif_addr_print
 .text.fapp_netif_info_print
                0x000068e8       0x70 ./fnet_application/fapp.o
                0x000068e8                fapp_netif_info_print
 .text.fapp_info_print
                0x00006958       0xa4 ./fnet_application/fapp.o
 .text.fapp_info_cmd
                0x000069fc        0x8 ./fnet_application/fapp.o
 .text.fapp_shell_init
                0x00006a04       0x9c ./fnet_application/fapp.o
                0x00006a04                fapp_shell_init
 .text.fapp_dhcp_handler_updated
                0x00006aa0       0x60 ./fnet_application/fapp_dhcp.o
 .text.fapp_dhcp_release
                0x00006b00       0x14 ./fnet_application/fapp_dhcp.o
                0x00006b00                fapp_dhcp_release
 .text.fapp_dhcp_on_ctrlc
                0x00006b14       0x28 ./fnet_application/fapp_dhcp.o
 .text.fapp_dhcp_handler_discover
                0x00006b3c       0x30 ./fnet_application/fapp_dhcp.o
 .text.fapp_dhcp_cmd
                0x00006b6c       0xbc ./fnet_application/fapp_dhcp.o
                0x00006b6c                fapp_dhcp_cmd
 .text.fapp_dhcp_info
                0x00006c28       0x94 ./fnet_application/fapp_dhcp.o
                0x00006c28                fapp_dhcp_info
 .text.fapp_mem_region_find
                0x00006cbc       0x2c ./fnet_application/fapp_mem.o
 .text.fapp_mem_region_is_protected
                0x00006ce8       0x34 ./fnet_application/fapp_mem.o
                0x00006ce8                fapp_mem_region_is_protected
 .text.fapp_mem_erase
                0x00006d1c       0x34 ./fnet_application/fapp_mem.o
 .text.fapp_mem_memcpy
                0x00006d50       0xa4 ./fnet_application/fapp_mem.o
                0x00006d50                fapp_mem_memcpy
 .text.fapp_mem_cmd
                0x00006df4       0xac ./fnet_application/fapp_mem.o
                0x00006df4                fapp_mem_cmd
 .text.fapp_mem_erase_all
                0x00006ea0       0xd0 ./fnet_application/fapp_mem.o
                0x00006ea0                fapp_mem_erase_all
 .text.fapp_mem_erase_cmd
                0x00006f70       0xb8 ./fnet_application/fapp_mem.o
                0x00006f70                fapp_mem_erase_cmd
 .text.fapp_params_to_flash
                0x00007028       0xc8 ./fnet_application/fapp_params.o
                0x00007028                fapp_params_to_flash
 .text.fapp_get_cmd_go
                0x000070f0       0x18 ./fnet_application/fapp_setget.o
 .text.fapp_get_cmd_image
                0x00007108       0x14 ./fnet_application/fapp_setget.o
 .text.fapp_get_cmd_raw
                0x0000711c       0x18 ./fnet_application/fapp_setget.o
 .text.fapp_get_cmd_bootscript
                0x00007134       0x14 ./fnet_application/fapp_setget.o
 .text.fapp_get_cmd_bootdelay
                0x00007148       0x18 ./fnet_application/fapp_setget.o
 .text.fapp_set_cmd_go
                0x00007160       0x3c ./fnet_application/fapp_setget.o
 .text.fapp_set_cmd_raw
                0x0000719c       0x3c ./fnet_application/fapp_setget.o
 .text.fapp_set_cmd_bootdelay
                0x000071d8       0x3c ./fnet_application/fapp_setget.o
 .text.fapp_get_cmd_image_type
                0x00007214       0x20 ./fnet_application/fapp_setget.o
 .text.fapp_set_cmd_image_type
                0x00007234       0x2c ./fnet_application/fapp_setget.o
 .text.fapp_set_cmd_image
                0x00007260       0x10 ./fnet_application/fapp_setget.o
 .text.fapp_set_cmd_bootscript
                0x00007270       0x10 ./fnet_application/fapp_setget.o
 .text.fapp_get_cmd_tftp
                0x00007280       0x2c ./fnet_application/fapp_setget.o
 .text.fapp_set_cmd_tftp
                0x000072ac       0x38 ./fnet_application/fapp_setget.o
 .text.fapp_get_cmd_boot
                0x000072e4       0x20 ./fnet_application/fapp_setget.o
 .text.fapp_set_cmd_boot
                0x00007304       0x2c ./fnet_application/fapp_setget.o
 .text.fapp_get_cmd_mac
                0x00007330       0x2c ./fnet_application/fapp_setget.o
 .text.fapp_set_cmd_mac
                0x0000735c       0x34 ./fnet_application/fapp_setget.o
 .text.fapp_get_ip
                0x00007390       0x28 ./fnet_application/fapp_setget.o
 .text.fapp_get_cmd_gateway
                0x000073b8       0x10 ./fnet_application/fapp_setget.o
 .text.fapp_get_cmd_netmask
                0x000073c8       0x10 ./fnet_application/fapp_setget.o
 .text.fapp_get_cmd_ip
                0x000073d8       0x10 ./fnet_application/fapp_setget.o
 .text.fapp_set_ip
                0x000073e8       0x30 ./fnet_application/fapp_setget.o
 .text.fapp_set_cmd_gateway
                0x00007418       0x10 ./fnet_application/fapp_setget.o
 .text.fapp_set_cmd_netmask
                0x00007428       0x10 ./fnet_application/fapp_setget.o
 .text.fapp_set_cmd_ip
                0x00007438       0x10 ./fnet_application/fapp_setget.o
 .text.fapp_set_cmd
                0x00007448       0xa0 ./fnet_application/fapp_setget.o
                0x00007448                fapp_set_cmd
 .text.fapp_get_cmd
                0x000074e8       0x80 ./fnet_application/fapp_setget.o
                0x000074e8                fapp_get_cmd
 .text.fapp_tftp_tx_handler_srec
                0x00007568      0x1fc ./fnet_application/fapp_tftp.o
 .text.fapp_tftp_rx_handler_srec
                0x00007764      0x1c0 ./fnet_application/fapp_tftp.o
 .text.fapp_tftp_on_ctrlc
                0x00007924       0x24 ./fnet_application/fapp_tftp.o
 .text.fapp_tftp_handler
                0x00007948       0xc0 ./fnet_application/fapp_tftp.o
 .text.fapp_tftps_data_handler
                0x00007a08       0xa4 ./fnet_application/fapp_tftp.o
 .text.fapp_tftp_image_type_by_index
                0x00007aac       0x28 ./fnet_application/fapp_tftp.o
                0x00007aac                fapp_tftp_image_type_by_index
 .text.fapp_tftps_request_handler
                0x00007ad4       0xc8 ./fnet_application/fapp_tftp.o
 .text.fapp_tftp_image_type_by_name
                0x00007b9c       0x24 ./fnet_application/fapp_tftp.o
                0x00007b9c                fapp_tftp_image_type_by_name
 .text.fapp_tftp_cmd
                0x00007bc0      0x160 ./fnet_application/fapp_tftp.o
                0x00007bc0                fapp_tftp_cmd
 .text.fapp_tftps_release
                0x00007d20       0x14 ./fnet_application/fapp_tftp.o
                0x00007d20                fapp_tftps_release
 .text.fapp_tftps_cmd
                0x00007d34       0xb0 ./fnet_application/fapp_tftp.o
                0x00007d34                fapp_tftps_cmd
 .text.fapp_tftps_info
                0x00007de4       0x38 ./fnet_application/fapp_tftp.o
                0x00007de4                fapp_tftps_info
 .text.main     0x00007e1c       0x1c ./main.o
                0x00007e1c                main
 .text.exit     0x00007e38       0x20 c:/freescale/kds_3.0.0/toolchain/bin/../lib/gcc/arm-none-eabi/4.8.4/../../../../arm-none-eabi/lib/armv7e-m/fpu\libg.a(lib_a-exit.o)
                0x00007e38                exit
 .text.__libc_init_array
                0x00007e58       0x50 c:/freescale/kds_3.0.0/toolchain/bin/../lib/gcc/arm-none-eabi/4.8.4/../../../../arm-none-eabi/lib/armv7e-m/fpu\libg.a(lib_a-init.o)
                0x00007e58                __libc_init_array
 .text.memset   0x00007ea8       0x94 c:/freescale/kds_3.0.0/toolchain/bin/../lib/gcc/arm-none-eabi/4.8.4/../../../../arm-none-eabi/lib/armv7e-m/fpu\libg.a(lib_a-memset.o)
                0x00007ea8                memset
 .text.startup.register_fini
                0x00007f3c       0x14 c:/freescale/kds_3.0.0/toolchain/bin/../lib/gcc/arm-none-eabi/4.8.4/../../../../arm-none-eabi/lib/armv7e-m/fpu\libg.a(lib_a-__call_atexit.o)
 .text.__call_exitprocs
                0x00007f50       0xf0 c:/freescale/kds_3.0.0/toolchain/bin/../lib/gcc/arm-none-eabi/4.8.4/../../../../arm-none-eabi/lib/armv7e-m/fpu\libg.a(lib_a-__call_atexit.o)
                0x00007f50                __call_exitprocs
 .text.atexit   0x00008040        0xc c:/freescale/kds_3.0.0/toolchain/bin/../lib/gcc/arm-none-eabi/4.8.4/../../../../arm-none-eabi/lib/armv7e-m/fpu\libg.a(lib_a-atexit.o)
                0x00008040                atexit
 .text.__libc_fini_array
                0x0000804c       0x30 c:/freescale/kds_3.0.0/toolchain/bin/../lib/gcc/arm-none-eabi/4.8.4/../../../../arm-none-eabi/lib/armv7e-m/fpu\libg.a(lib_a-fini.o)
                0x0000804c                __libc_fini_array
 .text.__register_exitproc
                0x0000807c       0xa8 c:/freescale/kds_3.0.0/toolchain/bin/../lib/gcc/arm-none-eabi/4.8.4/../../../../arm-none-eabi/lib/armv7e-m/fpu\libg.a(lib_a-__atexit.o)
                0x0000807c                __register_exitproc
 .text._exit    0x00008124        0x4 c:/freescale/kds_3.0.0/toolchain/bin/../lib/gcc/arm-none-eabi/4.8.4/../../../../arm-none-eabi/lib/armv7e-m/fpu\libnosys.a(_exit.o)
                0x00008124                _exit
 *(.rodata)
 .rodata        0x00008128        0x8 ./fnet_stack/stack/fnet_netif.o
 *(.rodata*)
 .rodata.fnet_eth_broadcast
                0x00008130        0x8 ./fnet_stack/stack/fnet_eth.o
                0x00008130                fnet_eth_broadcast
 .rodata.fnet_eth_prot_if_list
                0x00008138       0x10 ./fnet_stack/stack/fnet_eth.o
 .rodata.fnet_eth_null_addr
                0x00008148        0x8 ./fnet_stack/stack/fnet_eth.o
                0x00008148                fnet_eth_null_addr
 .rodata.str1.4
                0x00008150       0x1e ./fnet_stack/stack/fnet_eth.o
                                 0x20 (size before relaxing)
 *fill*         0x0000816e        0x2 
 .rodata.str1.4
                0x00008170        0xc ./fnet_stack/stack/fnet_inet.o
 .rodata.str1.4
                0x0000817c       0x12 ./fnet_stack/stack/fnet_netif.o
                                 0x14 (size before relaxing)
 *fill*         0x0000818e        0x2 
 .rodata.fnet_prot_if_list
                0x00008190        0xc ./fnet_stack/stack/fnet_prot.o
 .rodata.fnet_raw_socket_api
                0x0000819c       0x2c ./fnet_stack/stack/fnet_raw.o
 .rodata.fnet_udp_socket_api
                0x000081c8       0x2c ./fnet_stack/stack/fnet_udp.o
 .rodata.str1.4
                0x000081f4        0x6 ./fnet_stack/services/tftp/fnet_tftp_cln.o
                                  0x8 (size before relaxing)
 *fill*         0x000081fa        0x2 
 .rodata.fnet_tftp_srv_error
                0x000081fc       0x20 ./fnet_stack/services/tftp/fnet_tftp_srv.o
 .rodata.str1.4
                0x0000821c       0xa1 ./fnet_stack/services/tftp/fnet_tftp_srv.o
                                 0xa4 (size before relaxing)
 *fill*         0x000082bd        0x3 
 .rodata.str1.4
                0x000082c0       0x4b ./fnet_stack/services/shell/fnet_shell.o
                                 0x54 (size before relaxing)
 *fill*         0x0000830b        0x1 
 .rodata.fnet_serial_stream_port0
                0x0000830c       0x10 ./fnet_stack/services/serial/fnet_serial.o
                0x0000830c                fnet_serial_stream_port0
 .rodata.fnet_dhcp_magic_cookie
                0x0000831c        0x4 ./fnet_stack/services/dhcp/fnet_dhcp.o
 .rodata.fnet_mk_get_uart_port_ptr
                0x00008320       0x18 ./fnet_stack/cpu/mk/fnet_mk_serial.o
 .rodata.fnet_fec_api
                0x00008338       0x34 ./fnet_stack/cpu/common/fnet_fec.o
                0x00008338                fnet_fec_api
 .rodata.fapp_cmd_table
                0x0000836c      0x150 ./fnet_application/fapp.o
                0x0000836c                fapp_cmd_table
 .rodata.FAPP_SHELL_INFO_FORMAT_D
                0x000084bc        0xc ./fnet_application/fapp.o
                0x000084bc                FAPP_SHELL_INFO_FORMAT_D
 .rodata.FAPP_CANCELLED_STR
                0x000084c8        0xc ./fnet_application/fapp.o
                0x000084c8                FAPP_CANCELLED_STR
 .rodata.FAPP_DELIMITER_STR
                0x000084d4       0x34 ./fnet_application/fapp.o
                0x000084d4                FAPP_DELIMITER_STR
 .rodata.FAPP_SHELL_INFO_DISABLED
                0x00008508        0xc ./fnet_application/fapp.o
                0x00008508                FAPP_SHELL_INFO_DISABLED
 .rodata.fapp_shell
                0x00008514        0xc ./fnet_application/fapp.o
 .rodata.FAPP_PARAM_ERR
                0x00008520       0x20 ./fnet_application/fapp.o
                0x00008520                FAPP_PARAM_ERR
 .rodata.boot_modes
                0x00008540       0x24 ./fnet_application/fapp.o
 .rodata.str1.4
                0x00008564      0x464 ./fnet_application/fapp.o
                                0x46c (size before relaxing)
 .rodata.FAPP_COMMAND_RELEASE
                0x000089c8        0x8 ./fnet_application/fapp.o
                0x000089c8                FAPP_COMMAND_RELEASE
 .rodata.FAPP_SHELL_INFO_FORMAT_S
                0x000089d0        0xc ./fnet_application/fapp.o
                0x000089d0                FAPP_SHELL_INFO_FORMAT_S
 .rodata.FAPP_TOCANCEL_STR
                0x000089dc       0x1c ./fnet_application/fapp.o
                0x000089dc                FAPP_TOCANCEL_STR
 .rodata.FAPP_NET_ERR
                0x000089f8       0x30 ./fnet_application/fapp.o
 .rodata.FAPP_INIT_ERR
                0x00008a28       0x24 ./fnet_application/fapp.o
                0x00008a28                FAPP_INIT_ERR
 .rodata.FAPP_SHELL_INFO_ENABLED
                0x00008a4c        0x8 ./fnet_application/fapp.o
                0x00008a4c                FAPP_SHELL_INFO_ENABLED
 .rodata.str1.4
                0x00008a54       0x70 ./fnet_application/fapp_dhcp.o
                                 0x74 (size before relaxing)
 .rodata.fapp_mem_regions_reserved
                0x00008ac4       0x24 ./fnet_application/fapp_mem.o
 .rodata.fapp_mem_regions
                0x00008ae8       0x48 ./fnet_application/fapp_mem.o
                0x00008ae8                fapp_mem_regions
 .rodata.str1.4
                0x00008b30      0x155 ./fnet_application/fapp_mem.o
                                0x15c (size before relaxing)
 *fill*         0x00008c85        0x3 
 .rodata.str1.4
                0x00008c88        0x7 ./fnet_application/fapp_params.o
                                  0x8 (size before relaxing)
 *fill*         0x00008c8f        0x1 
 .rodata.fapp_setget_cmd_table
                0x00008c90       0xc0 ./fnet_application/fapp_setget.o
 .rodata.str1.4
                0x00008d50      0x1a0 ./fnet_application/fapp_setget.o
                                0x1bc (size before relaxing)
 .rodata.image_types
                0x00008ef0       0x40 ./fnet_application/fapp_tftp.o
                0x00008ef0                image_types
 .rodata.str1.4
                0x00008f30      0x150 ./fnet_application/fapp_tftp.o
                                0x15c (size before relaxing)
 .rodata.progress
                0x00009080        0x4 ./fnet_application/fapp_tftp.o
 .rodata.str1.4
                0x00009084        0x4 c:/freescale/kds_3.0.0/toolchain/bin/../lib/gcc/arm-none-eabi/4.8.4/../../../../arm-none-eabi/lib/armv7e-m/fpu\libg.a(lib_a-impure.o)
 .rodata._global_impure_ptr
                0x00009088        0x4 c:/freescale/kds_3.0.0/toolchain/bin/../lib/gcc/arm-none-eabi/4.8.4/../../../../arm-none-eabi/lib/armv7e-m/fpu\libg.a(lib_a-impure.o)
                0x00009088                _global_impure_ptr
 *(.glue_7)
 .glue_7        0x00000000        0x0 linker stubs
 *(.glue_7t)
 .glue_7t       0x00000000        0x0 linker stubs
 *(.eh_frame)
 .eh_frame      0x0000908c        0x0 c:/freescale/kds_3.0.0/toolchain/bin/../lib/gcc/arm-none-eabi/4.8.4/armv7e-m/fpu/crtbegin.o
 *(.init)
 .init          0x0000908c        0x4 c:/freescale/kds_3.0.0/toolchain/bin/../lib/gcc/arm-none-eabi/4.8.4/armv7e-m/fpu/crti.o
                0x0000908c                _init
 .init          0x00009090        0x8 c:/freescale/kds_3.0.0/toolchain/bin/../lib/gcc/arm-none-eabi/4.8.4/armv7e-m/fpu/crtn.o
 *(.fini)
 .fini          0x00009098        0x4 c:/freescale/kds_3.0.0/toolchain/bin/../lib/gcc/arm-none-eabi/4.8.4/armv7e-m/fpu/crti.o
                0x00009098                _fini
 .fini          0x0000909c        0x8 c:/freescale/kds_3.0.0/toolchain/bin/../lib/gcc/arm-none-eabi/4.8.4/armv7e-m/fpu/crtn.o
                0x000090a4                . = ALIGN (0x4)

.vfp11_veneer   0x000090a4        0x0
 .vfp11_veneer  0x00000000        0x0 linker stubs

.v4_bx          0x000090a4        0x0
 .v4_bx         0x00000000        0x0 linker stubs

.iplt           0x000090a4        0x0
 .iplt          0x00000000        0x0 c:/freescale/kds_3.0.0/toolchain/bin/../lib/gcc/arm-none-eabi/4.8.4/armv7e-m/fpu/crtbegin.o

.ARM.extab
 *(.ARM.extab* .gnu.linkonce.armextab.*)

.ARM            0x000090a4        0x8
                0x000090a4                __exidx_start = .
 *(.ARM.exidx*)
 .ARM.exidx     0x000090a4        0x8 c:/freescale/kds_3.0.0/toolchain/bin/../lib/gcc/arm-none-eabi/4.8.4/../../../../arm-none-eabi/lib/armv7e-m/fpu/crt0.o
                0x000090ac                __exidx_end = .

.rel.dyn        0x000090ac        0x0
 .rel.iplt      0x00000000        0x0 c:/freescale/kds_3.0.0/toolchain/bin/../lib/gcc/arm-none-eabi/4.8.4/armv7e-m/fpu/crtbegin.o

.ctors          0x000090ac        0x0
                0x000090ac                __CTOR_LIST__ = .
 *crtbegin.o(.ctors)
 *crtbegin?.o(.ctors)
 *(EXCLUDE_FILE(*crtend.o *crtend?.o) .ctors)
 *(SORT(.ctors.*))
 *(.ctors)
                0x000090ac                __CTOR_END__ = .

.dtors          0x000090ac        0x0
                0x000090ac                __DTOR_LIST__ = .
 *crtbegin.o(.dtors)
 *crtbegin?.o(.dtors)
 *(EXCLUDE_FILE(*crtend.o *crtend?.o) .dtors)
 *(SORT(.dtors.*))
 *(.dtors)
                0x000090ac                __DTOR_END__ = .

.preinit_array  0x000090ac        0x0
                0x000090ac                PROVIDE (__preinit_array_start, .)
 *(.preinit_array*)
                0x000090ac                PROVIDE (__preinit_array_end, .)

.init_array     0x000090ac        0x8
                0x000090ac                PROVIDE (__init_array_start, .)
 *(SORT(.init_array.*))
 .init_array.00000
                0x000090ac        0x4 c:/freescale/kds_3.0.0/toolchain/bin/../lib/gcc/arm-none-eabi/4.8.4/../../../../arm-none-eabi/lib/armv7e-m/fpu\libg.a(lib_a-__call_atexit.o)
 *(.init_array*)
 .init_array    0x000090b0        0x4 c:/freescale/kds_3.0.0/toolchain/bin/../lib/gcc/arm-none-eabi/4.8.4/armv7e-m/fpu/crtbegin.o
                0x000090b4                PROVIDE (__init_array_end, .)

.fini_array     0x000090b4        0x4
                0x000090b4                PROVIDE (__fini_array_start, .)
 *(SORT(.fini_array.*))
 *(.fini_array*)
 .fini_array    0x000090b4        0x4 c:/freescale/kds_3.0.0/toolchain/bin/../lib/gcc/arm-none-eabi/4.8.4/armv7e-m/fpu/crtbegin.o
                0x000090b8                PROVIDE (__fini_array_end, .)
                0x000090b8                __etext = .
                0x000090b8                __DATA_ROM = .

.interrupts_ram
                0x1fff0000      0x400
                0x1fff0000                . = ALIGN (0x4)
                0x1fff0000                __VECTOR_RAM__ = .
                0x1fff0000                __interrupts_ram_start__ = .
 *(.m_interrupts_ram)
                0x1fff0400                . = (. + M_VECTOR_RAM_SIZE)
 *fill*         0x1fff0000      0x400 
                0x1fff0400                . = ALIGN (0x4)
                0x1fff0400                __interrupts_ram_end__ = .
                0x00000000                __VECTOR_RAM = DEFINED (__ram_vector_table__)?__VECTOR_RAM__:ORIGIN (m_interrupts)
                0x00000000                __RAM_VECTOR_TABLE_SIZE_BYTES = DEFINED (__ram_vector_table__)?(__interrupts_ram_end__ - __interrupts_ram_start__):0x0

.data           0x1fff0400      0x6c4 load address 0x000090b8
                0x1fff0400                . = ALIGN (0x4)
                0x1fff0400                __DATA_RAM = .
                0x1fff0400                __data_start__ = .
 *(.data)
 *(.data*)
 .data.fnet_icmp_prot_if
                0x1fff0400       0x24 ./fnet_stack/stack/fnet_icmp.o
                0x1fff0400                fnet_icmp_prot_if
 .data.fnet_event_desc_last
                0x1fff0424        0x4 ./fnet_stack/stack/fnet_isr.o
 .data.fnet_raw_prot_if
                0x1fff0428       0x24 ./fnet_stack/stack/fnet_raw.o
                0x1fff0428                fnet_raw_prot_if
 .data.fnet_port_last
                0x1fff044c        0x2 ./fnet_stack/stack/fnet_socket.o
 *fill*         0x1fff044e        0x2 
 .data.fnet_udp_prot_if
                0x1fff0450       0x24 ./fnet_stack/stack/fnet_udp.o
                0x1fff0450                fnet_udp_prot_if
 .data.FNET_TFTP_DEFAULT_ERROR
                0x1fff0474       0x14 ./fnet_stack/services/tftp/fnet_tftp_cln.o
 .data.fnet_dhcp_parameter_request_list
                0x1fff0488        0x8 ./fnet_stack/services/dhcp/fnet_dhcp.o
 .data.fnet_eth0_if
                0x1fff0490       0x48 ./fnet_stack/cpu/mk/fnet_mk_eth.o
                0x1fff0490                fnet_eth0_if
 .data.fnet_mk_eth0_if
                0x1fff04d8      0x114 ./fnet_stack/cpu/mk/fnet_mk_eth.o
 .data.fapp_params_host_name
                0x1fff05ec       0x28 ./fnet_application/fapp_params.o
                0x1fff05ec                fapp_params_host_name
 .data.fapp_params_tftp_config
                0x1fff0614       0x3c ./fnet_application/fapp_params.o
                0x1fff0614                fapp_params_tftp_config
 .data.fapp_params_boot_config
                0x1fff0650       0x48 ./fnet_application/fapp_params.o
                0x1fff0650                fapp_params_boot_config
 .data.impure_data
                0x1fff0698      0x428 c:/freescale/kds_3.0.0/toolchain/bin/../lib/gcc/arm-none-eabi/4.8.4/../../../../arm-none-eabi/lib/armv7e-m/fpu\libg.a(lib_a-impure.o)
 *(.FNET_RAM)
 *(.jcr*)
 .jcr           0x1fff0ac0        0x0 c:/freescale/kds_3.0.0/toolchain/bin/../lib/gcc/arm-none-eabi/4.8.4/armv7e-m/fpu/crtbegin.o
 .jcr           0x1fff0ac0        0x4 c:/freescale/kds_3.0.0/toolchain/bin/../lib/gcc/arm-none-eabi/4.8.4/armv7e-m/fpu/crtend.o
                0x1fff0ac4                . = ALIGN (0x4)
                0x1fff0ac4                __data_end__ = .
                0x0000977c                __DATA_END = (__DATA_ROM + (__data_end__ - __data_start__))

.igot.plt       0x1fff0ac4        0x0 load address 0x0000977c
 .igot.plt      0x00000000        0x0 c:/freescale/kds_3.0.0/toolchain/bin/../lib/gcc/arm-none-eabi/4.8.4/armv7e-m/fpu/crtbegin.o

.bss            0x1fff0ac4     0x67b8 load address 0x0000977c
                0x1fff0ac4                . = ALIGN (0x4)
                0x1fff0ac4                __START_BSS = .
                0x1fff0ac4                __bss_start__ = .
 *(.bss)
 .bss           0x1fff0ac4       0x1c c:/freescale/kds_3.0.0/toolchain/bin/../lib/gcc/arm-none-eabi/4.8.4/armv7e-m/fpu/crtbegin.o
 *(.bss*)
 .bss.FNET_ERR_NUMBER
                0x1fff0ae0        0x1 ./fnet_stack/stack/fnet_error.o
 *fill*         0x1fff0ae1        0x3 
 .bss.fnet_eth_number
                0x1fff0ae4        0x4 ./fnet_stack/stack/fnet_eth.o
 .bss.ip_queue  0x1fff0ae8        0x8 ./fnet_stack/stack/fnet_ip.o
 .bss.ip_id.6093
                0x1fff0af0        0x2 ./fnet_stack/stack/fnet_ip.o
 *fill*         0x1fff0af2        0x2 
 .bss.ip_event  0x1fff0af4        0x4 ./fnet_stack/stack/fnet_ip.o
 .bss.fnet_locked
                0x1fff0af8        0x4 ./fnet_stack/stack/fnet_isr.o
 .bss.fnet_isr_table
                0x1fff0afc        0x4 ./fnet_stack/stack/fnet_isr.o
 .bss.fnet_mempool_main
                0x1fff0b00        0x4 ./fnet_stack/stack/fnet_netbuf.o
 .bss.fnet_netif_dupip_handler
                0x1fff0b04        0x4 ./fnet_stack/stack/fnet_netif.o
 .bss.fnet_netif_default
                0x1fff0b08        0x4 ./fnet_stack/stack/fnet_netif.o
 .bss._fnet_enabled
                0x1fff0b0c        0x1 ./fnet_stack/stack/fnet_socket.o
                0x1fff0b0c                _fnet_enabled
 *fill*         0x1fff0b0d        0x3 
 .bss.fnet_socket_desc
                0x1fff0b10       0x28 ./fnet_stack/stack/fnet_socket.o
 .bss.fnet_rand_value
                0x1fff0b38        0x4 ./fnet_stack/stack/fnet_stdlib.o
 .bss.fnet_current_time
                0x1fff0b3c        0x4 ./fnet_stack/stack/fnet_timer.o
 .bss.fnet_tl_head
                0x1fff0b40        0x4 ./fnet_stack/stack/fnet_timer.o
 .bss.fnet_tftp_if
                0x1fff0b44      0x238 ./fnet_stack/services/tftp/fnet_tftp_cln.o
 .bss.tftp_srv_if_list
                0x1fff0d7c      0x258 ./fnet_stack/services/tftp/fnet_tftp_srv.o
 .bss.shell_if_list
                0x1fff0fd4       0x34 ./fnet_stack/services/shell/fnet_shell.o
 .bss.fnet_poll_if
                0x1fff1008       0x3c ./fnet_stack/services/poll/fnet_poll.o
 .bss.fnet_dhcp_if_list
                0x1fff1044      0x2b8 ./fnet_stack/services/dhcp/fnet_dhcp.o
 .bss.fapp_cmd_line_buffer
                0x1fff12fc       0x3c ./fnet_application/fapp.o
 .bss.stack_heap.5485
                0x1fff1338     0x3800 ./fnet_application/fapp.o
 .bss.fapp_shell_desc
                0x1fff4b38        0x4 ./fnet_application/fapp.o
 .bss.fapp_dhcp_desc
                0x1fff4b3c        0x4 ./fnet_application/fapp_dhcp.o
 .bss.fapp_dhcp_ip_old
                0x1fff4b40        0x4 ./fnet_application/fapp_dhcp.o
 .bss.fapp_dhcp_discover_counter
                0x1fff4b44        0x4 ./fnet_application/fapp_dhcp.o
 .bss.progress_counter
                0x1fff4b48        0x4 ./fnet_application/fapp_tftp.o
 .bss.fapp_tftps_handler_control
                0x1fff4b4c      0x11c ./fnet_application/fapp_tftp.o
 .bss.fapp_tftp_srv_desc
                0x1fff4c68        0x4 ./fnet_application/fapp_tftp.o
 .bss.fapp_tftp_handler_control
                0x1fff4c6c      0x11c ./fnet_application/fapp_tftp.o
 *(COMMON)
 COMMON         0x1fff4d88       0x3c ./fnet_stack/stack/fnet_ip.o
                0x1fff4d88                fnet_ip_multicast_list
 COMMON         0x1fff4dc4        0x4 ./fnet_stack/stack/fnet_netif.o
                0x1fff4dc4                fnet_netif_list
 COMMON         0x1fff4dc8     0x24b4 ./fnet_stack/cpu/common/fnet_fec.o
                0x1fff4dc8                fnet_fec0_if
                0x1fff727c                . = ALIGN (0x4)
                0x1fff727c                __bss_end__ = .
                0x1fff727c                __END_BSS = .

.heap           0x20000000     0x2000
                0x20000000                . = ALIGN (0x8)
                0x20000000                __end__ = .
                0x20000000                PROVIDE (end, .)
                0x20000000                __HeapBase = .
                0x20002000                . = (. + HEAP_SIZE)
 *fill*         0x20000000     0x2000 
                0x20002000                __HeapLimit = .

.stack          0x20002000     0x2000
                0x20002000                . = ALIGN (0x8)
                0x20004000                . = (. + STACK_SIZE)
 *fill*         0x20002000     0x2000 
                0x20030000                __StackTop = (ORIGIN (m_data_2) + 0x30000)
                0x2002e000                __StackLimit = (__StackTop - STACK_SIZE)
                0x20030000                PROVIDE (__stack, __StackTop)

.ARM.attributes
                0x00000000       0x30
 *(.ARM.attributes)
 .ARM.attributes
                0x00000000       0x22 c:/freescale/kds_3.0.0/toolchain/bin/../lib/gcc/arm-none-eabi/4.8.4/armv7e-m/fpu/crti.o
 .ARM.attributes
                0x00000022       0x34 c:/freescale/kds_3.0.0/toolchain/bin/../lib/gcc/arm-none-eabi/4.8.4/armv7e-m/fpu/crtbegin.o
 .ARM.attributes
                0x00000056       0x20 c:/freescale/kds_3.0.0/toolchain/bin/../lib/gcc/arm-none-eabi/4.8.4/../../../../arm-none-eabi/lib/armv7e-m/fpu/crt0.o
 .ARM.attributes
                0x00000076       0x1f ./startup/MK64F12/gcc/startup_MK64F12.o
 .ARM.attributes
                0x00000095       0x39 ./startup/MK64F12/system_MK64F12.o
 .ARM.attributes
                0x000000ce       0x39 ./startup/startup.o
 .ARM.attributes
                0x00000107       0x39 ./fnet_stack/stack/fnet_arp.o
 .ARM.attributes
                0x00000140       0x39 ./fnet_stack/stack/fnet_checksum.o
 .ARM.attributes
                0x00000179       0x39 ./fnet_stack/stack/fnet_error.o
 .ARM.attributes
                0x000001b2       0x39 ./fnet_stack/stack/fnet_eth.o
 .ARM.attributes
                0x000001eb       0x39 ./fnet_stack/stack/fnet_icmp.o
 .ARM.attributes
                0x00000224       0x39 ./fnet_stack/stack/fnet_inet.o
 .ARM.attributes
                0x0000025d       0x39 ./fnet_stack/stack/fnet_ip.o
 .ARM.attributes
                0x00000296       0x39 ./fnet_stack/stack/fnet_isr.o
 .ARM.attributes
                0x000002cf       0x39 ./fnet_stack/stack/fnet_mempool.o
 .ARM.attributes
                0x00000308       0x39 ./fnet_stack/stack/fnet_netbuf.o
 .ARM.attributes
                0x00000341       0x39 ./fnet_stack/stack/fnet_netif.o
 .ARM.attributes
                0x0000037a       0x39 ./fnet_stack/stack/fnet_prot.o
 .ARM.attributes
                0x000003b3       0x39 ./fnet_stack/stack/fnet_raw.o
 .ARM.attributes
                0x000003ec       0x39 ./fnet_stack/stack/fnet_socket.o
 .ARM.attributes
                0x00000425       0x39 ./fnet_stack/stack/fnet_stack.o
 .ARM.attributes
                0x0000045e       0x39 ./fnet_stack/stack/fnet_stdlib.o
 .ARM.attributes
                0x00000497       0x39 ./fnet_stack/stack/fnet_timer.o
 .ARM.attributes
                0x000004d0       0x39 ./fnet_stack/stack/fnet_udp.o
 .ARM.attributes
                0x00000509       0x39 ./fnet_stack/services/tftp/fnet_tftp_cln.o
 .ARM.attributes
                0x00000542       0x39 ./fnet_stack/services/tftp/fnet_tftp_srv.o
 .ARM.attributes
                0x0000057b       0x39 ./fnet_stack/services/shell/fnet_shell.o
 .ARM.attributes
                0x000005b4       0x39 ./fnet_stack/services/serial/fnet_serial.o
 .ARM.attributes
                0x000005ed       0x39 ./fnet_stack/services/poll/fnet_poll.o
 .ARM.attributes
                0x00000626       0x39 ./fnet_stack/services/flash/fnet_flash.o
 .ARM.attributes
                0x0000065f       0x39 ./fnet_stack/services/dhcp/fnet_dhcp.o
 .ARM.attributes
                0x00000698       0x39 ./fnet_stack/cpu/mk/fnet_mk.o
 .ARM.attributes
                0x000006d1       0x39 ./fnet_stack/cpu/mk/fnet_mk_cache.o
 .ARM.attributes
                0x0000070a       0x39 ./fnet_stack/cpu/mk/fnet_mk_eth.o
 .ARM.attributes
                0x00000743       0x39 ./fnet_stack/cpu/mk/fnet_mk_flash.o
 .ARM.attributes
                0x0000077c       0x39 ./fnet_stack/cpu/mk/fnet_mk_isr.o
 .ARM.attributes
                0x000007b5       0x39 ./fnet_stack/cpu/mk/fnet_mk_isr_inst.o
 .ARM.attributes
                0x000007ee       0x25 ./fnet_stack/cpu/mk/fnet_mk_low.o
 .ARM.attributes
                0x00000813       0x39 ./fnet_stack/cpu/mk/fnet_mk_serial.o
 .ARM.attributes
                0x0000084c       0x39 ./fnet_stack/cpu/mk/fnet_mk_timer.o
 .ARM.attributes
                0x00000885       0x39 ./fnet_stack/cpu/common/fnet_fec.o
 .ARM.attributes
                0x000008be       0x39 ./fnet_stack/cpu/fnet_cpu.o
 .ARM.attributes
                0x000008f7       0x39 ./fnet_application/fapp.o
 .ARM.attributes
                0x00000930       0x39 ./fnet_application/fapp_dhcp.o
 .ARM.attributes
                0x00000969       0x39 ./fnet_application/fapp_mem.o
 .ARM.attributes
                0x000009a2       0x39 ./fnet_application/fapp_params.o
 .ARM.attributes
                0x000009db       0x39 ./fnet_application/fapp_setget.o
 .ARM.attributes
                0x00000a14       0x39 ./fnet_application/fapp_tftp.o
 .ARM.attributes
                0x00000a4d       0x39 ./main.o
 .ARM.attributes
                0x00000a86       0x34 c:/freescale/kds_3.0.0/toolchain/bin/../lib/gcc/arm-none-eabi/4.8.4/../../../../arm-none-eabi/lib/armv7e-m/fpu\libg.a(lib_a-exit.o)
 .ARM.attributes
                0x00000aba       0x34 c:/freescale/kds_3.0.0/toolchain/bin/../lib/gcc/arm-none-eabi/4.8.4/../../../../arm-none-eabi/lib/armv7e-m/fpu\libg.a(lib_a-impure.o)
 .ARM.attributes
                0x00000aee       0x34 c:/freescale/kds_3.0.0/toolchain/bin/../lib/gcc/arm-none-eabi/4.8.4/../../../../arm-none-eabi/lib/armv7e-m/fpu\libg.a(lib_a-init.o)
 .ARM.attributes
                0x00000b22       0x34 c:/freescale/kds_3.0.0/toolchain/bin/../lib/gcc/arm-none-eabi/4.8.4/../../../../arm-none-eabi/lib/armv7e-m/fpu\libg.a(lib_a-memset.o)
 .ARM.attributes
                0x00000b56       0x34 c:/freescale/kds_3.0.0/toolchain/bin/../lib/gcc/arm-none-eabi/4.8.4/../../../../arm-none-eabi/lib/armv7e-m/fpu\libg.a(lib_a-__call_atexit.o)
 .ARM.attributes
                0x00000b8a       0x34 c:/freescale/kds_3.0.0/toolchain/bin/../lib/gcc/arm-none-eabi/4.8.4/../../../../arm-none-eabi/lib/armv7e-m/fpu\libg.a(lib_a-atexit.o)
 .ARM.attributes
                0x00000bbe       0x34 c:/freescale/kds_3.0.0/toolchain/bin/../lib/gcc/arm-none-eabi/4.8.4/../../../../arm-none-eabi/lib/armv7e-m/fpu\libg.a(lib_a-fini.o)
 .ARM.attributes
                0x00000bf2       0x34 c:/freescale/kds_3.0.0/toolchain/bin/../lib/gcc/arm-none-eabi/4.8.4/../../../../arm-none-eabi/lib/armv7e-m/fpu\libg.a(lib_a-__atexit.o)
 .ARM.attributes
                0x00000c26       0x34 c:/freescale/kds_3.0.0/toolchain/bin/../lib/gcc/arm-none-eabi/4.8.4/../../../../arm-none-eabi/lib/armv7e-m/fpu\libnosys.a(_exit.o)
 .ARM.attributes
                0x00000c5a       0x34 c:/freescale/kds_3.0.0/toolchain/bin/../lib/gcc/arm-none-eabi/4.8.4/armv7e-m/fpu/crtend.o
 .ARM.attributes
                0x00000c8e       0x22 c:/freescale/kds_3.0.0/toolchain/bin/../lib/gcc/arm-none-eabi/4.8.4/armv7e-m/fpu/crtn.o
                0x00000001                ASSERT ((__StackLimit >= __HeapLimit), region m_data_2 overflowed with stack and heap)
OUTPUT(frdmk64f_boot.elf elf32-littlearm)

.debug_line     0x00000000     0x7453
 .debug_line    0x00000000       0xa8 ./startup/MK64F12/gcc/startup_MK64F12.o
 .debug_line    0x000000a8      0x261 ./startup/MK64F12/system_MK64F12.o
 .debug_line    0x00000309      0x186 ./startup/startup.o
 .debug_line    0x0000048f      0x316 ./fnet_stack/stack/fnet_arp.o
 .debug_line    0x000007a5      0x1fa ./fnet_stack/stack/fnet_checksum.o
 .debug_line    0x0000099f       0x81 ./fnet_stack/stack/fnet_error.o
 .debug_line    0x00000a20      0x331 ./fnet_stack/stack/fnet_eth.o
 .debug_line    0x00000d51      0x270 ./fnet_stack/stack/fnet_icmp.o
 .debug_line    0x00000fc1      0x1ff ./fnet_stack/stack/fnet_inet.o
 .debug_line    0x000011c0      0x496 ./fnet_stack/stack/fnet_ip.o
 .debug_line    0x00001656      0x1d3 ./fnet_stack/stack/fnet_isr.o
 .debug_line    0x00001829      0x1d3 ./fnet_stack/stack/fnet_mempool.o
 .debug_line    0x000019fc      0x493 ./fnet_stack/stack/fnet_netbuf.o
 .debug_line    0x00001e8f      0x491 ./fnet_stack/stack/fnet_netif.o
 .debug_line    0x00002320      0x213 ./fnet_stack/stack/fnet_prot.o
 .debug_line    0x00002533      0x2a0 ./fnet_stack/stack/fnet_raw.o
 .debug_line    0x000027d3      0x885 ./fnet_stack/stack/fnet_socket.o
 .debug_line    0x00003058      0x1ad ./fnet_stack/stack/fnet_stack.o
 .debug_line    0x00003205      0x408 ./fnet_stack/stack/fnet_stdlib.o
 .debug_line    0x0000360d      0x235 ./fnet_stack/stack/fnet_timer.o
 .debug_line    0x00003842      0x354 ./fnet_stack/stack/fnet_udp.o
 .debug_line    0x00003b96      0x299 ./fnet_stack/services/tftp/fnet_tftp_cln.o
 .debug_line    0x00003e2f      0x33c ./fnet_stack/services/tftp/fnet_tftp_srv.o
 .debug_line    0x0000416b      0x3fc ./fnet_stack/services/shell/fnet_shell.o
 .debug_line    0x00004567      0x415 ./fnet_stack/services/serial/fnet_serial.o
 .debug_line    0x0000497c      0x18e ./fnet_stack/services/poll/fnet_poll.o
 .debug_line    0x00004b0a      0x152 ./fnet_stack/services/flash/fnet_flash.o
 .debug_line    0x00004c5c      0x3d5 ./fnet_stack/services/dhcp/fnet_dhcp.o
 .debug_line    0x00005031       0xf2 ./fnet_stack/cpu/mk/fnet_mk.o
 .debug_line    0x00005123       0x64 ./fnet_stack/cpu/mk/fnet_mk_cache.o
 .debug_line    0x00005187      0x208 ./fnet_stack/cpu/mk/fnet_mk_eth.o
 .debug_line    0x0000538f      0x109 ./fnet_stack/cpu/mk/fnet_mk_flash.o
 .debug_line    0x00005498       0xc6 ./fnet_stack/cpu/mk/fnet_mk_isr.o
 .debug_line    0x0000555e       0xdb ./fnet_stack/cpu/mk/fnet_mk_isr_inst.o
 .debug_line    0x00005639       0x66 ./fnet_stack/cpu/mk/fnet_mk_low.o
 .debug_line    0x0000569f      0x16c ./fnet_stack/cpu/mk/fnet_mk_serial.o
 .debug_line    0x0000580b      0x127 ./fnet_stack/cpu/mk/fnet_mk_timer.o
 .debug_line    0x00005932      0x55a ./fnet_stack/cpu/common/fnet_fec.o
 .debug_line    0x00005e8c       0xa1 ./fnet_stack/cpu/fnet_cpu.o
 .debug_line    0x00005f2d      0x449 ./fnet_application/fapp.o
 .debug_line    0x00006376      0x282 ./fnet_application/fapp_dhcp.o
 .debug_line    0x000065f8      0x27b ./fnet_application/fapp_mem.o
 .debug_line    0x00006873      0x1b7 ./fnet_application/fapp_params.o
 .debug_line    0x00006a2a      0x432 ./fnet_application/fapp_setget.o
 .debug_line    0x00006e5c      0x4c2 ./fnet_application/fapp_tftp.o
 .debug_line    0x0000731e      0x135 ./main.o

.debug_info     0x00000000    0x2068e
 .debug_info    0x00000000       0xd2 ./startup/MK64F12/gcc/startup_MK64F12.o
 .debug_info    0x000000d2      0xb16 ./startup/MK64F12/system_MK64F12.o
 .debug_info    0x00000be8      0x3a9 ./startup/startup.o
 .debug_info    0x00000f91      0xf95 ./fnet_stack/stack/fnet_arp.o
 .debug_info    0x00001f26      0x53a ./fnet_stack/stack/fnet_checksum.o
 .debug_info    0x00002460      0x121 ./fnet_stack/stack/fnet_error.o
 .debug_info    0x00002581      0xd23 ./fnet_stack/stack/fnet_eth.o
 .debug_info    0x000032a4     0x14ab ./fnet_stack/stack/fnet_icmp.o
 .debug_info    0x0000474f      0x669 ./fnet_stack/stack/fnet_inet.o
 .debug_info    0x00004db8     0x1d7e ./fnet_stack/stack/fnet_ip.o
 .debug_info    0x00006b36      0x4b3 ./fnet_stack/stack/fnet_isr.o
 .debug_info    0x00006fe9      0x3f8 ./fnet_stack/stack/fnet_mempool.o
 .debug_info    0x000073e1      0xca1 ./fnet_stack/stack/fnet_netbuf.o
 .debug_info    0x00008082     0x118b ./fnet_stack/stack/fnet_netif.o
 .debug_info    0x0000920d      0xe0e ./fnet_stack/stack/fnet_prot.o
 .debug_info    0x0000a01b     0x169a ./fnet_stack/stack/fnet_raw.o
 .debug_info    0x0000b6b5     0x2a87 ./fnet_stack/stack/fnet_socket.o
 .debug_info    0x0000e13c      0x310 ./fnet_stack/stack/fnet_stack.o
 .debug_info    0x0000e44c      0x9e9 ./fnet_stack/stack/fnet_stdlib.o
 .debug_info    0x0000ee35      0x456 ./fnet_stack/stack/fnet_timer.o
 .debug_info    0x0000f28b     0x19b6 ./fnet_stack/stack/fnet_udp.o
 .debug_info    0x00010c41      0xa56 ./fnet_stack/services/tftp/fnet_tftp_cln.o
 .debug_info    0x00011697      0xec6 ./fnet_stack/services/tftp/fnet_tftp_srv.o
 .debug_info    0x0001255d      0xd32 ./fnet_stack/services/shell/fnet_shell.o
 .debug_info    0x0001328f      0xd57 ./fnet_stack/services/serial/fnet_serial.o
 .debug_info    0x00013fe6      0x220 ./fnet_stack/services/poll/fnet_poll.o
 .debug_info    0x00014206      0x2da ./fnet_stack/services/flash/fnet_flash.o
 .debug_info    0x000144e0     0x1525 ./fnet_stack/services/dhcp/fnet_dhcp.o
 .debug_info    0x00015a05      0x44a ./fnet_stack/cpu/mk/fnet_mk.o
 .debug_info    0x00015e4f       0x76 ./fnet_stack/cpu/mk/fnet_mk_cache.o
 .debug_info    0x00015ec5     0x11a8 ./fnet_stack/cpu/mk/fnet_mk_eth.o
 .debug_info    0x0001706d      0x33a ./fnet_stack/cpu/mk/fnet_mk_flash.o
 .debug_info    0x000173a7       0xb6 ./fnet_stack/cpu/mk/fnet_mk_isr.o
 .debug_info    0x0001745d      0x258 ./fnet_stack/cpu/mk/fnet_mk_isr_inst.o
 .debug_info    0x000176b5       0xa2 ./fnet_stack/cpu/mk/fnet_mk_low.o
 .debug_info    0x00017757      0x626 ./fnet_stack/cpu/mk/fnet_mk_serial.o
 .debug_info    0x00017d7d      0x42a ./fnet_stack/cpu/mk/fnet_mk_timer.o
 .debug_info    0x000181a7     0x1edf ./fnet_stack/cpu/common/fnet_fec.o
 .debug_info    0x0001a086       0xe7 ./fnet_stack/cpu/fnet_cpu.o
 .debug_info    0x0001a16d     0x161f ./fnet_application/fapp.o
 .debug_info    0x0001b78c      0x93e ./fnet_application/fapp_dhcp.o
 .debug_info    0x0001c0ca      0x946 ./fnet_application/fapp_mem.o
 .debug_info    0x0001ca10      0x65a ./fnet_application/fapp_params.o
 .debug_info    0x0001d06a     0x17d5 ./fnet_application/fapp_setget.o